Microchip MPLAB XC8 Compiler V1.36 ()

Linker command line:

-W-3 --edf=C:\Program Files (x86)\Microchip\xc8\v1.36\dat\en_msgs.txt -cs \
  -h+dist/default/production\Code.X.production.sym \
  --cmf=dist/default/production\Code.X.production.cmf -z -Q18F2550 \
  -oC:\Users\JUANJA~1\AppData\Local\Temp\s1d0.2 \
  -Mdist/default/production/Code.X.production.map -E1 -ver=XC8 \
  -ASTACK=0F6h-07ffh -pstack=STACK -ACODE=00h-07FFFh -ACONST=00h-07FFFh \
  -ASMALLCONST=0800h-08FFhx120 -AMEDIUMCONST=0800h-07FFFh -ACOMRAM=01h-05Fh \
  -AABS1=00h-07FFh -ABIGRAM=01h-07FFh -ARAM=060h-0FFh,0100h-01FFhx7 \
  -ABANK0=060h-0FFh -ABANK1=0100h-01FFh -ABANK2=0200h-02FFh \
  -ABANK3=0300h-03FFh -ABANK4=0400h-04FFh -ABANK5=0500h-05FFh \
  -ABANK6=0600h-06FFh -ABANK7=0700h-07FFh -ASFR=0F60h-0FFFh \
  -preset_vec=00h,intcode=08h,intcodelo,powerup,init,end_init \
  -pramtop=0800h -psmallconst=SMALLCONST -pmediumconst=MEDIUMCONST \
  -pconst=CONST -AFARRAM=00h-00h -ACONFIG=0300000h-030000Dh -pconfig=CONFIG \
  -AIDLOC=0200000h-0200007h -pidloc=IDLOC -AEEDATA=0F00000h-0F000FFh \
  -peeprom_data=EEDATA \
  -prdata=COMRAM,nvrram=COMRAM,nvbit=COMRAM,rbss=COMRAM,rbit=COMRAM \
  -pfarbss=FARRAM,fardata=FARRAM,nvFARRAM=FARRAM \
  -pintsave_regs=BIGRAM,bigbss=BIGRAM,bigdata=BIGRAM -pbss=RAM \
  -pidata=CODE,irdata=CODE,ibigdata=CODE,ifardata=CODE -prparam=COMRAM \
  C:\Users\JUANJA~1\AppData\Local\Temp\s1d0.obj \
  dist/default/production\Code.X.production.obj 

Object code version is 3.11

Machine type is 18F2550

Call graph: (short form)




                Name                               Link     Load   Length Selector   Space Scale
C:\Users\JUANJA~1\AppData\Local\Temp\s1d0.obj
                end_init                             16       16        4        4       0
                reset_vec                             0        0        4        0       0
                idloc                            200000   200000        8   200000       0
                config                           300000   300000        E   300000       0
dist/default/production\Code.X.production.obj
                intcode                               8        8        E        4       0
                temp                                 45       45        1        1       1
                smallconst                          800      800        4      400       0
                text40                             11B8     11B8        C      8BB       0
                text39                             1230     1230        2      900       0
                text38                              FC4      FC4       3A      402       0
                text37                             10CC     10CC       22      402       0
                text36                              F2A      F2A       54      402       0
                text35                             1218     1218        8      900       0
                text34                             1210     1210        8      900       0
                text33                              D60      D60       84      402       0
                text32                             1084     1084       26      402       0
                text31                              EC2      EC2       68      402       0
                text30                             1226     1226        6      900       0
                text29                             110A     110A       18      402       0
                text28                             1208     1208        8      900       0
                text27                             1134     1134       12      402       0
                intcode_body                        A44      A44      1C2      402       0
                text25                              F7E      F7E       46      402       0
                text24                             11EC     11EC        A      8BB       0
                text23                             11AC     11AC        C      8BB       0
                text22                             1192     1192        E      8BB       0
                text21                             11E2     11E2        A      8BB       0
                text20                             1156     1156       10      402       0
                text19                             1184     1184        E      8BB       0
                text18                             1146     1146       10      402       0
                text17                             1176     1176        E      8BB       0
                text16                             122C     122C        4      900       0
                text15                             10AA     10AA       22      402       0
                text14                              C06      C06       BE      402       0
                text13                              FFE      FFE       36      402       0
                text12                              DE4      DE4       74      402       0
                text11                             1220     1220        6      900       0
                text10                             10EE     10EE       1C      402       0
                text9                              1200     1200        8      900       0
                text8                              1122     1122       12      402       0
                text7                               804      804      240      402       0
                text6                              105C     105C       28      402       0
                text5                              1034     1034       28      402       0
                text4                              11D8     11D8        A      8BB       0
                text3                              11CE     11CE        A      8BB       0
                text2                              11C4     11C4        A      8BB       0
                text1                              11A0     11A0        C      8BB       0
                text0                               CC4      CC4       9C      402       0
                cstackCOMRAM                          1        1       22        1       1
                cstackBANK0                          CD       CD       1A       60       1
                dataBANK0                            E7       E7        F       60       1
                bssBANK0                             60       60       6D       60       1
                dataCOMRAM                           3C       3C        9        1       1
                bssCOMRAM                            23       23       17        1       1
                bitbssCOMRAM                        1D0       3A        9        1       1     8
                cinit                               E58      E58       6A      402       0
                idataBANK0                         1166     1166        F      402       0
                idataCOMRAM                        11F6     11F6        9      8BB       0

TOTAL           Name                               Link     Load   Length     Space
        CLASS   STACK          

        CLASS   CODE           
                end_init                             16       16        4         0
                intcode                               8        8        E         0
                reset_vec                             0        0        4         0
                text40                             11B8     11B8        C         0
                text39                             1230     1230        2         0
                text38                              FC4      FC4       3A         0
                text37                             10CC     10CC       22         0
                text36                              F2A      F2A       54         0
                text35                             1218     1218        8         0
                text34                             1210     1210        8         0
                text33                              D60      D60       84         0
                text32                             1084     1084       26         0
                text31                              EC2      EC2       68         0
                text30                             1226     1226        6         0
                text29                             110A     110A       18         0
                text28                             1208     1208        8         0
                text27                             1134     1134       12         0
                intcode_body                        A44      A44      1C2         0
                text25                              F7E      F7E       46         0
                text24                             11EC     11EC        A         0
                text23                             11AC     11AC        C         0
                text22                             1192     1192        E         0
                text21                             11E2     11E2        A         0
                text20                             1156     1156       10         0
                text19                             1184     1184        E         0
                text18                             1146     1146       10         0
                text17                             1176     1176        E         0
                text16                             122C     122C        4         0
                text15                             10AA     10AA       22         0
                text14                              C06      C06       BE         0
                text13                              FFE      FFE       36         0
                text12                              DE4      DE4       74         0
                text11                             1220     1220        6         0
                text10                             10EE     10EE       1C         0
                text9                              1200     1200        8         0
                text8                              1122     1122       12         0
                text7                               804      804      240         0
                text6                              105C     105C       28         0
                text5                              1034     1034       28         0
                text4                              11D8     11D8        A         0
                text3                              11CE     11CE        A         0
                text2                              11C4     11C4        A         0
                text1                              11A0     11A0        C         0
                text0                               CC4      CC4       9C         0
                cinit                               E58      E58       6A         0
                idataBANK0                         1166     1166        F         0
                idataCOMRAM                        11F6     11F6        9         0

        CLASS   CONST          

        CLASS   SMALLCONST     
                smallconst                          800      800        4         0

        CLASS   MEDIUMCONST    

        CLASS   COMRAM         
                temp                                 45       45        1         1
                cstackCOMRAM                          1        1       22         1
                dataCOMRAM                           3C       3C        9         1
                bssCOMRAM                            23       23       17         1
                bitbssCOMRAM                        1D0       3A        9         1

        CLASS   ABS1           

        CLASS   BIGRAM         

        CLASS   RAM            

        CLASS   BANK0          
                cstackBANK0                          CD       CD       1A         1
                dataBANK0                            E7       E7        F         1
                bssBANK0                             60       60       6D         1

        CLASS   BANK1          

        CLASS   BANK2          

        CLASS   BANK3          

        CLASS   BANK4          

        CLASS   BANK5          

        CLASS   BANK6          

        CLASS   BANK7          

        CLASS   SFR            

        CLASS   FARRAM         

        CLASS   CONFIG         
                config                           300000   300000        E         0

        CLASS   IDLOC          
                idloc                            200000   200000        8         0

        CLASS   EEDATA         



SEGMENTS        Name                           Load    Length   Top    Selector   Space  Class

                reset_vec                      000000  000004  000004         0       0  CODE    
                cstackCOMRAM                   000001  000045  000046         1       1  COMRAM  
                intcode                        000008  000012  00001A         4       0  CODE    
                bssBANK0                       000060  000096  0000F6        60       1  BANK0   
                smallconst                     000800  000004  000804       400       0  SMALLCON
                text7                          000804  000971  001175       402       0  CODE    
                text17                         001176  000089  0011FF       8BB       0  CODE    
                text9                          001200  000032  001232       900       0  CODE    
                idloc                          200000  000008  200008    200000       0  IDLOC   
                config                         300000  00000E  30000E    300000       0  CONFIG  


UNUSED ADDRESS RANGES

        Name                Unused          Largest block    Delta
        BANK0            0000F6-0000FF                A
        BANK1            000100-0001FF              100
        BANK2            000200-0002FF              100
        BANK3            000300-0003FF              100
        BANK4            000400-0004FF              100
        BANK5            000500-0005FF              100
        BANK6            000600-0006FF              100
        BANK7            000700-0007FF              100
        BIGRAM           000046-00005F               1A
                         0000F6-0007FF              70A
        CODE             000004-000007                4
                         00001A-0007FF              7E6
                         001175-001175                1
                         0011FF-0011FF                1
                         001232-007FFF             6DCE
        COMRAM           000046-00005F               1A
        CONST            000004-000007                4
                         00001A-0007FF              7E6
                         001175-001175                1
                         0011FF-0011FF                1
                         001232-007FFF             6DCE
        EEDATA           F00000-F000FF              100
        MEDIUMCONST      001175-001175                1
                         0011FF-0011FF                1
                         001232-007FFF             6DCE
        RAM              0000F6-0007FF              100
        SFR              000F60-000FFF               A0
        SMALLCONST       001175-001175                1
                         0011FF-0011FF                1
                         001232-007FFF              100
        STACK            0000F6-0007FF              70A

                                  Symbol Table

?___awdiv                    cstackBANK0  0000D3
?___wmul                     cstackBANK0  0000CD
?i2___awdiv                  cstackCOMRAM 000007
?i2___wmul                   cstackCOMRAM 000001
ReadFrame@pointer            cstackBANK0  0000DF
SerialCOM@_SPBRG             smallconst   000801
SetDutyCycle@dutycycle       cstackBANK0  0000DD
SetPWM@dutycycle             cstackBANK0  0000DE
TMR0_INIT@T0PS               cstackBANK0  0000CE
TMR0_INIT@bits               cstackBANK0  0000CD
TMR0_WRITE_HIGH@valorHigh    cstackBANK0  0000CD
TMR0_WRITE_LOW@valorLow      cstackBANK0  0000CD
_ADCON0                      (abs)        000FC2
_ADCON0bits                  (abs)        000FC2
_ADCON1                      (abs)        000FC1
_ADCON2bits                  (abs)        000FC0
_ADDEN                       (abs)        007D5B
_ADIF                        (abs)        007CF6
_ADRES                       (abs)        000FC3
_BRG16                       (abs)        007DC3
_BRGH                        (abs)        007D62
_CCP1CON                     (abs)        000FBD
_CCP1IE                      (abs)        007CEA
_CCP1IF                      (abs)        007CF2
_CCP2CON                     (abs)        000FBA
_CCPR1                       (abs)        000FBE
_CCPR1H                      (abs)        000FBF
_CCPR1L                      (abs)        000FBE
_CCPR2L                      (abs)        000FBB
_CREN                        (abs)        007D5C
_CSRC                        (abs)        007D67
_ConfigureTimer1             text25       000F7E
_DHTSignalResponse           text37       0010CC
_DHT_StateMachine            dataBANK0    0000E7
_DecimalHumidity             bssCOMRAM    000027
_DecimalTemperature          bssCOMRAM    000028
_Door_f                      bitbssCOMRAM 0001D0
_FirstStateRequest           text38       000FC4
_HighISR                     intcode      000008
_INIT_INTCON                 text23       0011AC
_INIT_INTCON2                text22       001192
_INIT_INTCON3                text21       0011E2
_INIT_IPR1                   text20       001156
_INIT_IPR2                   text19       001184
_INIT_PIE1                   text18       001146
_INIT_PIE2                   text17       001176
_INIT_RCON                   text16       00122C
_INT2IF                      (abs)        007F81
_INTCON2bits                 (abs)        000FF1
_INTCON3bits                 (abs)        000FF0
_INTCONbits                  (abs)        000FF2
_INTEDG2                     (abs)        007F8C
_IPR1bits                    (abs)        000F9F
_IPR2bits                    (abs)        000FA2
_Idle                        text39       001230
_InitDHT11Driver             text24       0011EC
_IntegerHumidity             bssCOMRAM    000029
_IntegerTemperature          bssCOMRAM    00002A
_Interrupt_Init              text15       0010AA
_LATA3                       (abs)        007C4B
_LATB3                       (abs)        007C53
_LATC2                       (abs)        007C5A
_LSb                         bssBANK0     0000B0
_LightValue                  bssBANK0     0000B2
_Light_f                     bitbssCOMRAM 0001D1
_MSb                         bssBANK0     0000B4
_MinLightValue               dataCOMRAM   000040
_Night_f                     bitbssCOMRAM 0001D2
_OSCCON                      (abs)        000FD3
_PIE1bits                    (abs)        000F9D
_PIE2bits                    (abs)        000FA0
_PR2                         (abs)        000FCB
_PWM                         bitbssCOMRAM 0001D3
_PWMValue                    bssCOMRAM    000023
_RCIE                        (abs)        007CED
_RCIF                        (abs)        007CF5
_RCONbits                    (abs)        000FD0
_RCREG                       (abs)        000FAE
_RX9                         (abs)        007D5E
_ReadFrame                   text7        000804
_RecievedData                bssBANK0     0000BE
_RecievingData               text36       000F2A
_SENDB                       (abs)        007D63
_SPBRG                       (abs)        000FAF
_SPEN                        (abs)        007D5F
_SREN                        (abs)        007D5D
_SYNC                        (abs)        007D64
_SecondStateRequest          text40       0011B8
_SerialInit                  text6        00105C
_SetDutyCycle                text12       000DE4
_SetPWM                      text10       0010EE
_SetPeriod                   text11       001220
_StartPWM                    text9        001200
_StopPWM                     text2        0011C4
_T0CON                       (abs)        000FD5
_T0IF                        (abs)        007F92
_T1CON                       (abs)        000FCD
_T1CONbits                   (abs)        000FCD
_T1OSCEN                     (abs)        007E6B
_T1RUN                       (abs)        007E6E
_T2CON                       (abs)        000FCA
_T3CON                       (abs)        000FB1
_TMR0                        (abs)        000FD6
_TMR0H                       (abs)        000FD7
_TMR0IF                      (abs)        007F92
_TMR0L                       (abs)        000FD6
_TMR0ON                      (abs)        007EAF
_TMR0_INIT                   text5        001034
_TMR0_WRITE_HIGH             text4        0011D8
_TMR0_WRITE_LOW              text3        0011CE
_TMR1                        (abs)        000FCE
_TMR1CS                      (abs)        007E69
_TMR1H                       (abs)        000FCF
_TMR1L                       (abs)        000FCE
_TMR1ON                      (abs)        007E68
_TRISAbits                   (abs)        000F92
_TRISBbits                   (abs)        000F93
_TRISCbits                   (abs)        000F94
_TX9                         (abs)        007D66
_TXEN                        (abs)        007D65
_TXREG                       (abs)        000FAD
_TimerCounter                bssCOMRAM    00002B
_TimerUser                   bssCOMRAM    00002C
_TurnOffLights               text1        0011A0
_TurnOnLights                text8        001122
__CFG_BOR$SOFT               (abs)        000000
__CFG_BORV$3                 (abs)        000000
__CFG_CCP2MX$OFF             (abs)        000000
__CFG_CP0$ON                 (abs)        000000
__CFG_CP1$ON                 (abs)        000000
__CFG_CP2$ON                 (abs)        000000
__CFG_CP3$ON                 (abs)        000000
__CFG_CPB$ON                 (abs)        000000
__CFG_CPD$ON                 (abs)        000000
__CFG_CPUDIV$OSC1_PLL2       (abs)        000000
__CFG_EBTR0$ON               (abs)        000000
__CFG_EBTR1$ON               (abs)        000000
__CFG_EBTR2$ON               (abs)        000000
__CFG_EBTR3$ON               (abs)        000000
__CFG_EBTRB$ON               (abs)        000000
__CFG_FCMEN$OFF              (abs)        000000
__CFG_FOSC$INTOSC_HS         (abs)        000000
__CFG_IESO$OFF               (abs)        000000
__CFG_LPT1OSC$OFF            (abs)        000000
__CFG_LVP$ON                 (abs)        000000
__CFG_MCLRE$OFF              (abs)        000000
__CFG_PBADEN$OFF             (abs)        000000
__CFG_PLLDIV$1               (abs)        000000
__CFG_PWRT$OFF               (abs)        000000
__CFG_STVREN$ON              (abs)        000000
__CFG_USBDIV$1               (abs)        000000
__CFG_VREGEN$OFF             (abs)        000000
__CFG_WDT$OFF                (abs)        000000
__CFG_WDTPS$32768            (abs)        000000
__CFG_WRT0$ON                (abs)        000000
__CFG_WRT1$ON                (abs)        000000
__CFG_WRT2$ON                (abs)        000000
__CFG_WRT3$ON                (abs)        000000
__CFG_WRTB$ON                (abs)        000000
__CFG_WRTC$ON                (abs)        000000
__CFG_WRTD$ON                (abs)        000000
__CFG_XINST$OFF              (abs)        000000
__HRAM                       (abs)        000000
__Habs1                      abs1         000000
__Hbank0                     bank0        000000
__Hbank1                     bank1        000000
__Hbank2                     bank2        000000
__Hbank3                     bank3        000000
__Hbank4                     bank4        000000
__Hbank5                     bank5        000000
__Hbank6                     bank6        000000
__Hbank7                     bank7        000000
__Hbigbss                    bigbss       000000
__Hbigdata                   bigdata      000000
__Hbigram                    bigram       000000
__HbitbssCOMRAM              bitbssCOMRAM 000000
__Hbss                       bss          000000
__HbssBANK0                  bssBANK0     000000
__HbssCOMRAM                 bssCOMRAM    000000
__Hcinit                     cinit        000000
__Hclrtext                   clrtext      000000
__Hcomram                    comram       000000
__Hconfig                    config       30000E
__Hconst                     const        000000
__HcstackBANK0               cstackBANK0  000000
__HcstackCOMRAM              cstackCOMRAM 000000
__Hdata                      data         000000
__HdataBANK0                 dataBANK0    000000
__HdataCOMRAM                dataCOMRAM   000000
__Heeprom_data               eeprom_data  000000
__Hend_init                  end_init     00001A
__Hfarbss                    farbss       000000
__Hfardata                   fardata      000000
__Hibigdata                  ibigdata     000000
__Hidata                     idata        000000
__HidataBANK0                idataBANK0   000000
__HidataCOMRAM               idataCOMRAM  000000
__Hidloc                     idloc        200008
__Hifardata                  ifardata     000000
__Hinit                      init         000016
__Hintcode                   intcode      000016
__Hintcode_body              intcode_body 000000
__Hintcodelo                 intcodelo    000016
__Hintentry                  intentry     000000
__Hintret                    intret       000000
__Hintsave_regs              intsave_regs 000000
__Hirdata                    irdata       000000
__Hmediumconst               mediumconst  000000
__HnvFARRAM                  nvFARRAM     000000
__Hnvbit                     nvbit        000000
__Hnvrram                    nvrram       000000
__Hparam                     rparam       000000
__Hpowerup                   powerup      000016
__Hram                       ram          000000
__Hramtop                    ramtop       000800
__Hrbit                      rbit         000000
__Hrbss                      rbss         000000
__Hrdata                     rdata        000000
__Hreset_vec                 reset_vec    000004
__Hrparam                    rparam       000000
__Hsfr                       sfr          000000
__Hsmallconst                smallconst   000804
__Hspace_0                   (abs)        30000E
__Hspace_1                   (abs)        0001D9
__Hspace_2                   (abs)        000000
__Hstack                     stack        000000
__Hstruct                    struct       000000
__Htemp                      temp         000046
__Htext                      text         000000
__Htext0                     text0        000000
__Htext1                     text1        000000
__Htext10                    text10       000000
__Htext11                    text11       000000
__Htext12                    text12       000000
__Htext13                    text13       000000
__Htext14                    text14       000000
__Htext15                    text15       000000
__Htext16                    text16       000000
__Htext17                    text17       000000
__Htext18                    text18       000000
__Htext19                    text19       000000
__Htext2                     text2        000000
__Htext20                    text20       000000
__Htext21                    text21       000000
__Htext22                    text22       000000
__Htext23                    text23       000000
__Htext24                    text24       000000
__Htext25                    text25       000000
__Htext27                    text27       000000
__Htext28                    text28       000000
__Htext29                    text29       000000
__Htext3                     text3        000000
__Htext30                    text30       000000
__Htext31                    text31       000000
__Htext32                    text32       000000
__Htext33                    text33       000000
__Htext34                    text34       000000
__Htext35                    text35       000000
__Htext36                    text36       000000
__Htext37                    text37       000000
__Htext38                    text38       000000
__Htext39                    text39       000000
__Htext4                     text4        000000
__Htext40                    text40       000000
__Htext41                    text41       000000
__Htext5                     text5        000000
__Htext6                     text6        000000
__Htext7                     text7        000000
__Htext8                     text8        000000
__Htext9                     text9        000000
__LRAM                       (abs)        000001
__Labs1                      abs1         000000
__Lbank0                     bank0        000000
__Lbank1                     bank1        000000
__Lbank2                     bank2        000000
__Lbank3                     bank3        000000
__Lbank4                     bank4        000000
__Lbank5                     bank5        000000
__Lbank6                     bank6        000000
__Lbank7                     bank7        000000
__Lbigbss                    bigbss       000000
__Lbigdata                   bigdata      000000
__Lbigram                    bigram       000000
__LbitbssCOMRAM              bitbssCOMRAM 000000
__Lbss                       bss          000000
__LbssBANK0                  bssBANK0     000000
__LbssCOMRAM                 bssCOMRAM    000000
__Lcinit                     cinit        000000
__Lclrtext                   clrtext      000000
__Lcomram                    comram       000000
__Lconfig                    config       300000
__Lconst                     const        000000
__LcstackBANK0               cstackBANK0  000000
__LcstackCOMRAM              cstackCOMRAM 000000
__Ldata                      data         000000
__LdataBANK0                 dataBANK0    000000
__LdataCOMRAM                dataCOMRAM   000000
__Leeprom_data               eeprom_data  000000
__Lend_init                  end_init     000016
__Lfarbss                    farbss       000000
__Lfardata                   fardata      000000
__Libigdata                  ibigdata     000000
__Lidata                     idata        000000
__LidataBANK0                idataBANK0   000000
__LidataCOMRAM               idataCOMRAM  000000
__Lidloc                     idloc        200000
__Lifardata                  ifardata     000000
__Linit                      init         000016
__Lintcode                   intcode      000008
__Lintcode_body              intcode_body 000000
__Lintcodelo                 intcodelo    000016
__Lintentry                  intentry     000000
__Lintret                    intret       000000
__Lintsave_regs              intsave_regs 000000
__Lirdata                    irdata       000000
__Lmediumconst               mediumconst  000000
__LnvFARRAM                  nvFARRAM     000000
__Lnvbit                     nvbit        000000
__Lnvrram                    nvrram       000000
__Lparam                     rparam       000000
__Lpowerup                   powerup      000016
__Lram                       ram          000000
__Lramtop                    ramtop       000800
__Lrbit                      rbit         000000
__Lrbss                      rbss         000000
__Lrdata                     rdata        000000
__Lreset_vec                 reset_vec    000000
__Lrparam                    rparam       000000
__Lsfr                       sfr          000000
__Lsmallconst                smallconst   000800
__Lspace_0                   (abs)        000000
__Lspace_1                   (abs)        000000
__Lspace_2                   (abs)        000000
__Lstack                     stack        000000
__Lstruct                    struct       000000
__Ltemp                      temp         000045
__Ltext                      text         000000
__Ltext0                     text0        000000
__Ltext1                     text1        000000
__Ltext10                    text10       000000
__Ltext11                    text11       000000
__Ltext12                    text12       000000
__Ltext13                    text13       000000
__Ltext14                    text14       000000
__Ltext15                    text15       000000
__Ltext16                    text16       000000
__Ltext17                    text17       000000
__Ltext18                    text18       000000
__Ltext19                    text19       000000
__Ltext2                     text2        000000
__Ltext20                    text20       000000
__Ltext21                    text21       000000
__Ltext22                    text22       000000
__Ltext23                    text23       000000
__Ltext24                    text24       000000
__Ltext25                    text25       000000
__Ltext27                    text27       000000
__Ltext28                    text28       000000
__Ltext29                    text29       000000
__Ltext3                     text3        000000
__Ltext30                    text30       000000
__Ltext31                    text31       000000
__Ltext32                    text32       000000
__Ltext33                    text33       000000
__Ltext34                    text34       000000
__Ltext35                    text35       000000
__Ltext36                    text36       000000
__Ltext37                    text37       000000
__Ltext38                    text38       000000
__Ltext39                    text39       000000
__Ltext4                     text4        000000
__Ltext40                    text40       000000
__Ltext41                    text41       000000
__Ltext5                     text5        000000
__Ltext6                     text6        000000
__Ltext7                     text7        000000
__Ltext8                     text8        000000
__Ltext9                     text9        000000
__S0                         (abs)        30000E
__S1                         (abs)        0000F6
__S2                         (abs)        000000
___awdiv                     text14       000C06
___awdiv@counter             cstackBANK0  0000D7
___awdiv@dividend            cstackBANK0  0000D3
___awdiv@divisor             cstackBANK0  0000D5
___awdiv@quotient            cstackBANK0  0000D9
___awdiv@sign                cstackBANK0  0000D8
___inthi_sp                  stack        000000
___intlo_sp                  stack        000000
___param_bank                (abs)        000010
___rparam_used               (abs)        000001
___sp                        stack        000000
___wmul                      text13       000FFE
___wmul@multiplicand         cstackBANK0  0000CF
___wmul@multiplier           cstackBANK0  0000CD
___wmul@product              cstackBANK0  0000D1
__accesstop                  (abs)        000060
__activetblptr               (abs)        000002
__end_ofSerialCOM@_SPBRG     smallconst   000802
__end_of_ConfigureTimer1     text25       000FC4
__end_of_DHTSignalResponse   text37       0010EE
__end_of_FirstStateRequest   text38       000FFE
__end_of_HighISR             intcode_body 000C06
__end_of_INIT_INTCON         text23       0011B8
__end_of_INIT_INTCON2        text22       0011A0
__end_of_INIT_INTCON3        text21       0011EC
__end_of_INIT_IPR1           text20       001166
__end_of_INIT_IPR2           text19       001192
__end_of_INIT_PIE1           text18       001156
__end_of_INIT_PIE2           text17       001184
__end_of_INIT_RCON           text16       001230
__end_of_Idle                text39       001232
__end_of_InitDHT11Driver     text24       0011F6
__end_of_Interrupt_Init      text15       0010CC
__end_of_ReadFrame           text7        000A44
__end_of_RecievingData       text36       000F7E
__end_of_SecondStateRequest  text40       0011C4
__end_of_SerialInit          text6        001084
__end_of_SetDutyCycle        text12       000E58
__end_of_SetPWM              text10       00110A
__end_of_SetPeriod           text11       001226
__end_of_StartPWM            text9        001208
__end_of_StopPWM             text2        0011CE
__end_of_TMR0_INIT           text5        00105C
__end_of_TMR0_WRITE_HIGH     text4        0011E2
__end_of_TMR0_WRITE_LOW      text3        0011D8
__end_of_TurnOffLights       text1        0011AC
__end_of_TurnOnLights        text8        001134
__end_of__SPBRG              smallconst   000803
__end_of___awdiv             text14       000CC4
__end_of___wmul              text13       001034
__end_of__initialization     cinit        000EB4
__end_of_main                text0        000D60
__end_ofi2_SetDutyCycle      text31       000F2A
__end_ofi2_SetPWM            text29       001122
__end_ofi2_SetPeriod         text30       00122C
__end_ofi2_StartPWM          text28       001210
__end_ofi2_TMR0_WRITE_HIGH   text35       001220
__end_ofi2_TMR0_WRITE_LOW    text34       001218
__end_ofi2_TurnOnLights      text27       001146
__end_ofi2___awdiv           text33       000DE4
__end_ofi2___wmul            text32       0010AA
__initialization             cinit        000E58
__mediumconst                mediumconst  000000
__pbitbssCOMRAM              bitbssCOMRAM 0001D0
__pbssBANK0                  bssBANK0     000060
__pbssCOMRAM                 bssCOMRAM    000023
__pcinit                     cinit        000E58
__pcstackBANK0               cstackBANK0  0000CD
__pcstackCOMRAM              cstackCOMRAM 000001
__pdataBANK0                 dataBANK0    0000E7
__pdataCOMRAM                dataCOMRAM   00003C
__pidataBANK0                idataBANK0   001166
__pidataCOMRAM               idataCOMRAM  0011F6
__pintcode                   intcode      000008
__pintcode_body              intcode_body 000A44
__psmallconst                smallconst   000800
__ptext0                     text0        000CC4
__ptext1                     text1        0011A0
__ptext10                    text10       0010EE
__ptext11                    text11       001220
__ptext12                    text12       000DE4
__ptext13                    text13       000FFE
__ptext14                    text14       000C06
__ptext15                    text15       0010AA
__ptext16                    text16       00122C
__ptext17                    text17       001176
__ptext18                    text18       001146
__ptext19                    text19       001184
__ptext2                     text2        0011C4
__ptext20                    text20       001156
__ptext21                    text21       0011E2
__ptext22                    text22       001192
__ptext23                    text23       0011AC
__ptext24                    text24       0011EC
__ptext25                    text25       000F7E
__ptext27                    text27       001134
__ptext28                    text28       001208
__ptext29                    text29       00110A
__ptext3                     text3        0011CE
__ptext30                    text30       001226
__ptext31                    text31       000EC2
__ptext32                    text32       001084
__ptext33                    text33       000D60
__ptext34                    text34       001210
__ptext35                    text35       001218
__ptext36                    text36       000F2A
__ptext37                    text37       0010CC
__ptext38                    text38       000FC4
__ptext39                    text39       001230
__ptext4                     text4        0011D8
__ptext40                    text40       0011B8
__ptext41                    text41       000000
__ptext5                     text5        001034
__ptext6                     text6        00105C
__ptext7                     text7        000804
__ptext8                     text8        001122
__ptext9                     text9        001200
__ramtop                     ramtop       000800
__size_of_ConfigureTimer1    (abs)        000000
__size_of_DHTSignalResponse  (abs)        000000
__size_of_FirstStateRequest  (abs)        000000
__size_of_HighISR            (abs)        000000
__size_of_INIT_INTCON        (abs)        000000
__size_of_INIT_INTCON2       (abs)        000000
__size_of_INIT_INTCON3       (abs)        000000
__size_of_INIT_IPR1          (abs)        000000
__size_of_INIT_IPR2          (abs)        000000
__size_of_INIT_PIE1          (abs)        000000
__size_of_INIT_PIE2          (abs)        000000
__size_of_INIT_RCON          (abs)        000000
__size_of_Idle               (abs)        000000
__size_of_InitDHT11Driver    (abs)        000000
__size_of_Interrupt_Init     (abs)        000000
__size_of_ReadFrame          (abs)        000000
__size_of_RecievingData      (abs)        000000
__size_of_SecondStateRequest (abs)        000000
__size_of_SerialInit         (abs)        000000
__size_of_SetDutyCycle       (abs)        000000
__size_of_SetPWM             (abs)        000000
__size_of_SetPeriod          (abs)        000000
__size_of_StartPWM           (abs)        000000
__size_of_StopPWM            (abs)        000000
__size_of_TMR0_INIT          (abs)        000000
__size_of_TMR0_WRITE_HIGH    (abs)        000000
__size_of_TMR0_WRITE_LOW     (abs)        000000
__size_of_TurnOffLights      (abs)        000000
__size_of_TurnOnLights       (abs)        000000
__size_of___awdiv            (abs)        000000
__size_of___wmul             (abs)        000000
__size_of_main               (abs)        000000
__size_ofi2_SetDutyCycle     (abs)        000000
__size_ofi2_SetPWM           (abs)        000000
__size_ofi2_SetPeriod        (abs)        000000
__size_ofi2_StartPWM         (abs)        000000
__size_ofi2_TMR0_WRITE_HIGH  (abs)        000000
__size_ofi2_TMR0_WRITE_LOW   (abs)        000000
__size_ofi2_TurnOnLights     (abs)        000000
__size_ofi2___awdiv          (abs)        000000
__size_ofi2___wmul           (abs)        000000
__smallconst                 smallconst   000800
_actualhumidity              bssCOMRAM    00002D
_actualtemperature           bssCOMRAM    00002E
_actualtime                  bssCOMRAM    000025
_bitcount                    bssCOMRAM    00002F
_bytecount                   bssCOMRAM    000030
_counter                     bssCOMRAM    000031
_counts                      bssBANK0     0000B6
_endbyte                     dataCOMRAM   000041
_f_SSPReady                  bitbssCOMRAM 0001D4
_f_Send2Bytes                bitbssCOMRAM 0001D5
_f_SendByte                  bitbssCOMRAM 0001D6
_f_frameready                bssCOMRAM    000032
_fan                         dataCOMRAM   000042
_firstbyte                   dataBANK0    0000F1
_frame                       bssCOMRAM    000033
_lasttime                    bssBANK0     0000B8
_light                       dataCOMRAM   000043
_lightcounter                bssBANK0     0000BA
_lightperday                 dataCOMRAM   00003C
_lightstate                  bitbssCOMRAM 0001D7
_lightstate_f                bitbssCOMRAM 0001D8
_main                        text0        000CC4
_mask                        bssCOMRAM    000034
_optimalhumidity             bssCOMRAM    000035
_optimaltemperature          bssCOMRAM    000036
_prescaler                   dataCOMRAM   000044
_serialcount                 bssCOMRAM    000037
_state                       bssCOMRAM    000038
_time                        bssCOMRAM    000039
_times                       bssBANK0     000060
_timetostartlight            bssBANK0     0000BC
_totaldaytime                dataCOMRAM   00003E
btemp                        temp         000045
end_of_initialization        cinit        000EB4
i2SetDutyCycle@dutycycle     cstackCOMRAM 000011
i2SetPWM@dutycycle           cstackCOMRAM 000012
i2TMR0_WRITE_HIGH@valorHigh  cstackCOMRAM 000001
i2TMR0_WRITE_LOW@valorLow    cstackCOMRAM 000001
i2_SetDutyCycle              text31       000EC2
i2_SetPWM                    text29       00110A
i2_SetPeriod                 text30       001226
i2_StartPWM                  text28       001208
i2_TMR0_WRITE_HIGH           text35       001218
i2_TMR0_WRITE_LOW            text34       001210
i2_TurnOnLights              text27       001134
i2___awdiv                   text33       000D60
i2___awdiv@counter           cstackCOMRAM 00000B
i2___awdiv@dividend          cstackCOMRAM 000007
i2___awdiv@divisor           cstackCOMRAM 000009
i2___awdiv@quotient          cstackCOMRAM 00000D
i2___awdiv@sign              cstackCOMRAM 00000C
i2___wmul                    text32       001084
i2___wmul@multiplicand       cstackCOMRAM 000003
i2___wmul@multiplier         cstackCOMRAM 000001
i2___wmul@product            cstackCOMRAM 000005
int$flags                    temp         000045
int_func                     intcode_body 000A44
intlevel0                    text         000000
intlevel1                    text         000000
intlevel2                    text         000000
intlevel3                    text         000000
stackhi                      (abs)        0007FF
stacklo                      (abs)        0000F6
start                        init         000016
start_initialization         cinit        000E58


FUNCTION INFORMATION:

 *************** function _main *****************
 Defined at:
		line 163 in file "Main.c"
 Parameters:    Size  Location     Type
		None
 Auto vars:     Size  Location     Type
		None
 Return value:  Size  Location     Type
                  1    wreg      void 
 Registers used:
		wreg, fsr2l, fsr2h, status,2, status,0, tblptrl, tblptrh, tblptru, prodl, prodh, cstack
 Tracked objects:
		On entry : 
		On exit  : 
		Unchanged: 
 Data sizes:     COMRAM   BANK0   BANK1   BANK2   BANK3   BANK4   BANK5   BANK6   BANK7
      Params:         0       0       0       0       0       0       0       0       0
      Locals:         0       0       0       0       0       0       0       0       0
      Temps:          0       2       0       0       0       0       0       0       0
      Totals:         0       2       0       0       0       0       0       0       0
Total ram usage:        2 bytes
 Hardware stack levels required when called:   10
 This function calls:
		_InitDHT11Driver
		_Interrupt_Init
		_ReadFrame
		_SerialInit
		_TMR0_INIT
		_TMR0_WRITE_HIGH
		_TMR0_WRITE_LOW
		_TurnOffLights
		_TurnOnLights
 This function is called by:
		Startup code after reset
 This function uses a non-reentrant model


 *************** function _TurnOffLights *****************
 Defined at:
		line 5 in file "LedDriver.c"
 Parameters:    Size  Location     Type
		None
 Auto vars:     Size  Location     Type
		None
 Return value:  Size  Location     Type
                  2   58[None  ] int 
 Registers used:
		wreg, status,2, cstack
 Tracked objects:
		On entry : 
		On exit  : 
		Unchanged: 
 Data sizes:     COMRAM   BANK0   BANK1   BANK2   BANK3   BANK4   BANK5   BANK6   BANK7
      Params:         0       0       0       0       0       0       0       0       0
      Locals:         0       0       0       0       0       0       0       0       0
      Temps:          0       0       0       0       0       0       0       0       0
      Totals:         0       0       0       0       0       0       0       0       0
Total ram usage:        0 bytes
 Hardware stack levels used:    1
 Hardware stack levels required when called:    6
 This function calls:
		_StopPWM
 This function is called by:
		_main
 This function uses a non-reentrant model


 *************** function _StopPWM *****************
 Defined at:
		line 22 in file "PWM.c"
 Parameters:    Size  Location     Type
		None
 Auto vars:     Size  Location     Type
		None
 Return value:  Size  Location     Type
                  1    wreg      void 
 Registers used:
		wreg, status,2
 Tracked objects:
		On entry : 
		On exit  : 
		Unchanged: 
 Data sizes:     COMRAM   BANK0   BANK1   BANK2   BANK3   BANK4   BANK5   BANK6   BANK7
      Params:         0       0       0       0       0       0       0       0       0
      Locals:         0       0       0       0       0       0       0       0       0
      Temps:          0       0       0       0       0       0       0       0       0
      Totals:         0       0       0       0       0       0       0       0       0
Total ram usage:        0 bytes
 Hardware stack levels used:    1
 Hardware stack levels required when called:    5
 This function calls:
		Nothing
 This function is called by:
		_TurnOffLights
 This function uses a non-reentrant model


 *************** function _TMR0_WRITE_LOW *****************
 Defined at:
		line 79 in file "Timer_0.c"
 Parameters:    Size  Location     Type
  valorLow        1    wreg     unsigned char 
 Auto vars:     Size  Location     Type
  valorLow        1    0[BANK0 ] unsigned char 
 Return value:  Size  Location     Type
                  1    wreg      void 
 Registers used:
		wreg
 Tracked objects:
		On entry : 
		On exit  : 
		Unchanged: 
 Data sizes:     COMRAM   BANK0   BANK1   BANK2   BANK3   BANK4   BANK5   BANK6   BANK7
      Params:         0       0       0       0       0       0       0       0       0
      Locals:         0       1       0       0       0       0       0       0       0
      Temps:          0       0       0       0       0       0       0       0       0
      Totals:         0       1       0       0       0       0       0       0       0
Total ram usage:        1 bytes
 Hardware stack levels used:    1
 Hardware stack levels required when called:    5
 This function calls:
		Nothing
 This function is called by:
		_main
 This function uses a non-reentrant model


 *************** function _TMR0_WRITE_HIGH *****************
 Defined at:
		line 66 in file "Timer_0.c"
 Parameters:    Size  Location     Type
  valorHigh       1    wreg     unsigned char 
 Auto vars:     Size  Location     Type
  valorHigh       1    0[BANK0 ] unsigned char 
 Return value:  Size  Location     Type
                  1    wreg      void 
 Registers used:
		wreg
 Tracked objects:
		On entry : 
		On exit  : 
		Unchanged: 
 Data sizes:     COMRAM   BANK0   BANK1   BANK2   BANK3   BANK4   BANK5   BANK6   BANK7
      Params:         0       0       0       0       0       0       0       0       0
      Locals:         0       1       0       0       0       0       0       0       0
      Temps:          0       0       0       0       0       0       0       0       0
      Totals:         0       1       0       0       0       0       0       0       0
Total ram usage:        1 bytes
 Hardware stack levels used:    1
 Hardware stack levels required when called:    5
 This function calls:
		Nothing
 This function is called by:
		_main
 This function uses a non-reentrant model


 *************** function _TMR0_INIT *****************
 Defined at:
		line 23 in file "Timer_0.c"
 Parameters:    Size  Location     Type
		None
 Auto vars:     Size  Location     Type
  T0PS            1    1[BANK0 ] unsigned char 
  bits            1    0[BANK0 ] unsigned char 
 Return value:  Size  Location     Type
                  1    wreg      void 
 Registers used:
		wreg, status,2, status,0, prodl, prodh
 Tracked objects:
		On entry : 
		On exit  : 
		Unchanged: 
 Data sizes:     COMRAM   BANK0   BANK1   BANK2   BANK3   BANK4   BANK5   BANK6   BANK7
      Params:         0       0       0       0       0       0       0       0       0
      Locals:         0       2       0       0       0       0       0       0       0
      Temps:          0       0       0       0       0       0       0       0       0
      Totals:         0       2       0       0       0       0       0       0       0
Total ram usage:        2 bytes
 Hardware stack levels used:    1
 Hardware stack levels required when called:    5
 This function calls:
		Nothing
 This function is called by:
		_main
 This function uses a non-reentrant model


 *************** function _SerialInit *****************
 Defined at:
		line 37 in file "SerialCOM.c"
 Parameters:    Size  Location     Type
		None
 Auto vars:     Size  Location     Type
		None
 Return value:  Size  Location     Type
                  1    wreg      void 
 Registers used:
		wreg, tblptrl, tblptrh, tblptru
 Tracked objects:
		On entry : 
		On exit  : 
		Unchanged: 
 Data sizes:     COMRAM   BANK0   BANK1   BANK2   BANK3   BANK4   BANK5   BANK6   BANK7
      Params:         0       0       0       0       0       0       0       0       0
      Locals:         0       0       0       0       0       0       0       0       0
      Temps:          0       0       0       0       0       0       0       0       0
      Totals:         0       0       0       0       0       0       0       0       0
Total ram usage:        0 bytes
 Hardware stack levels used:    1
 Hardware stack levels required when called:    5
 This function calls:
		Nothing
 This function is called by:
		_main
 This function uses a non-reentrant model


 *************** function _ReadFrame *****************
 Defined at:
		line 71 in file "SerialCOM.c"
 Parameters:    Size  Location     Type
  pointer         2   18[BANK0 ] PTR unsigned char 
		 -> RecievedData(15), 
 Auto vars:     Size  Location     Type
		None
 Return value:  Size  Location     Type
                  1    wreg      void 
 Registers used:
		wreg, fsr2l, fsr2h, status,2, status,0, prodl, prodh, cstack
 Tracked objects:
		On entry : 
		On exit  : 
		Unchanged: 
 Data sizes:     COMRAM   BANK0   BANK1   BANK2   BANK3   BANK4   BANK5   BANK6   BANK7
      Params:         0       2       0       0       0       0       0       0       0
      Locals:         0       0       0       0       0       0       0       0       0
      Temps:          0       4       0       0       0       0       0       0       0
      Totals:         0       6       0       0       0       0       0       0       0
Total ram usage:        6 bytes
 Hardware stack levels used:    1
 Hardware stack levels required when called:    9
 This function calls:
		_TurnOnLights
		___wmul
 This function is called by:
		_main
 This function uses a non-reentrant model


 *************** function _TurnOnLights *****************
 Defined at:
		line 12 in file "LedDriver.c"
 Parameters:    Size  Location     Type
		None
 Auto vars:     Size  Location     Type
		None
 Return value:  Size  Location     Type
                  2   16[None  ] int 
 Registers used:
		wreg, status,2, status,0, prodl, prodh, cstack
 Tracked objects:
		On entry : 
		On exit  : 
		Unchanged: 
 Data sizes:     COMRAM   BANK0   BANK1   BANK2   BANK3   BANK4   BANK5   BANK6   BANK7
      Params:         0       0       0       0       0       0       0       0       0
      Locals:         0       0       0       0       0       0       0       0       0
      Temps:          0       0       0       0       0       0       0       0       0
      Totals:         0       0       0       0       0       0       0       0       0
Total ram usage:        0 bytes
 Hardware stack levels used:    1
 Hardware stack levels required when called:    8
 This function calls:
		_SetPWM
		_StartPWM
 This function is called by:
		_main
		_ReadFrame
 This function uses a non-reentrant model


 *************** function _StartPWM *****************
 Defined at:
		line 17 in file "PWM.c"
 Parameters:    Size  Location     Type
		None
 Auto vars:     Size  Location     Type
		None
 Return value:  Size  Location     Type
                  1    wreg      void 
 Registers used:
		wreg, status,2
 Tracked objects:
		On entry : 
		On exit  : 
		Unchanged: 
 Data sizes:     COMRAM   BANK0   BANK1   BANK2   BANK3   BANK4   BANK5   BANK6   BANK7
      Params:         0       0       0       0       0       0       0       0       0
      Locals:         0       0       0       0       0       0       0       0       0
      Temps:          0       0       0       0       0       0       0       0       0
      Totals:         0       0       0       0       0       0       0       0       0
Total ram usage:        0 bytes
 Hardware stack levels used:    1
 Hardware stack levels required when called:    5
 This function calls:
		Nothing
 This function is called by:
		_TurnOnLights
 This function uses a non-reentrant model


 *************** function _SetPWM *****************
 Defined at:
		line 44 in file "PWM.c"
 Parameters:    Size  Location     Type
  dutycycle       1    wreg     unsigned char 
 Auto vars:     Size  Location     Type
  dutycycle       1   17[BANK0 ] unsigned char 
 Return value:  Size  Location     Type
                  1    wreg      void 
 Registers used:
		wreg, status,2, status,0, prodl, prodh, cstack
 Tracked objects:
		On entry : 
		On exit  : 
		Unchanged: 
 Data sizes:     COMRAM   BANK0   BANK1   BANK2   BANK3   BANK4   BANK5   BANK6   BANK7
      Params:         0       0       0       0       0       0       0       0       0
      Locals:         0       1       0       0       0       0       0       0       0
      Temps:          0       0       0       0       0       0       0       0       0
      Totals:         0       1       0       0       0       0       0       0       0
Total ram usage:        1 bytes
 Hardware stack levels used:    1
 Hardware stack levels required when called:    7
 This function calls:
		_SetDutyCycle
		_SetPeriod
 This function is called by:
		_TurnOnLights
 This function uses a non-reentrant model


 *************** function _SetPeriod *****************
 Defined at:
		line 28 in file "PWM.c"
 Parameters:    Size  Location     Type
		None
 Auto vars:     Size  Location     Type
		None
 Return value:  Size  Location     Type
                  1    wreg      void 
 Registers used:
		wreg, status,2
 Tracked objects:
		On entry : 
		On exit  : 
		Unchanged: 
 Data sizes:     COMRAM   BANK0   BANK1   BANK2   BANK3   BANK4   BANK5   BANK6   BANK7
      Params:         0       0       0       0       0       0       0       0       0
      Locals:         0       0       0       0       0       0       0       0       0
      Temps:          0       0       0       0       0       0       0       0       0
      Totals:         0       0       0       0       0       0       0       0       0
Total ram usage:        0 bytes
 Hardware stack levels used:    1
 Hardware stack levels required when called:    5
 This function calls:
		Nothing
 This function is called by:
		_SetPWM
 This function uses a non-reentrant model


 *************** function _SetDutyCycle *****************
 Defined at:
		line 33 in file "PWM.c"
 Parameters:    Size  Location     Type
  dutycycle       1    wreg     unsigned char 
 Auto vars:     Size  Location     Type
  dutycycle       1   16[BANK0 ] unsigned char 
 Return value:  Size  Location     Type
                  1    wreg      void 
 Registers used:
		wreg, status,2, status,0, prodl, prodh, cstack
 Tracked objects:
		On entry : 
		On exit  : 
		Unchanged: 
 Data sizes:     COMRAM   BANK0   BANK1   BANK2   BANK3   BANK4   BANK5   BANK6   BANK7
      Params:         0       0       0       0       0       0       0       0       0
      Locals:         0       1       0       0       0       0       0       0       0
      Temps:          0       2       0       0       0       0       0       0       0
      Totals:         0       3       0       0       0       0       0       0       0
Total ram usage:        3 bytes
 Hardware stack levels used:    1
 Hardware stack levels required when called:    6
 This function calls:
		___awdiv
		___wmul
 This function is called by:
		_SetPWM
 This function uses a non-reentrant model


 *************** function ___wmul *****************
 Defined at:
		line 15 in file "C:\Program Files (x86)\Microchip\xc8\v1.36\sources\common\Umul16.c"
 Parameters:    Size  Location     Type
  multiplier      2    0[BANK0 ] unsigned int 
  multiplicand    2    2[BANK0 ] unsigned int 
 Auto vars:     Size  Location     Type
  product         2    4[BANK0 ] unsigned int 
 Return value:  Size  Location     Type
                  2    0[BANK0 ] unsigned int 
 Registers used:
		wreg, status,2, status,0, prodl, prodh
 Tracked objects:
		On entry : 
		On exit  : 
		Unchanged: 
 Data sizes:     COMRAM   BANK0   BANK1   BANK2   BANK3   BANK4   BANK5   BANK6   BANK7
      Params:         0       4       0       0       0       0       0       0       0
      Locals:         0       2       0       0       0       0       0       0       0
      Temps:          0       0       0       0       0       0       0       0       0
      Totals:         0       6       0       0       0       0       0       0       0
Total ram usage:        6 bytes
 Hardware stack levels used:    1
 Hardware stack levels required when called:    5
 This function calls:
		Nothing
 This function is called by:
		_SetDutyCycle
		_ReadFrame
 This function uses a non-reentrant model


 *************** function ___awdiv *****************
 Defined at:
		line 8 in file "C:\Program Files (x86)\Microchip\xc8\v1.36\sources\common\awdiv.c"
 Parameters:    Size  Location     Type
  dividend        2    6[BANK0 ] int 
  divisor         2    8[BANK0 ] int 
 Auto vars:     Size  Location     Type
  quotient        2   12[BANK0 ] int 
  sign            1   11[BANK0 ] unsigned char 
  counter         1   10[BANK0 ] unsigned char 
 Return value:  Size  Location     Type
                  2    6[BANK0 ] int 
 Registers used:
		wreg, status,2, status,0
 Tracked objects:
		On entry : 
		On exit  : 
		Unchanged: 
 Data sizes:     COMRAM   BANK0   BANK1   BANK2   BANK3   BANK4   BANK5   BANK6   BANK7
      Params:         0       4       0       0       0       0       0       0       0
      Locals:         0       4       0       0       0       0       0       0       0
      Temps:          0       0       0       0       0       0       0       0       0
      Totals:         0       8       0       0       0       0       0       0       0
Total ram usage:        8 bytes
 Hardware stack levels used:    1
 Hardware stack levels required when called:    5
 This function calls:
		Nothing
 This function is called by:
		_SetDutyCycle
 This function uses a non-reentrant model


 *************** function _Interrupt_Init *****************
 Defined at:
		line 94 in file "Interrupts.c"
 Parameters:    Size  Location     Type
		None
 Auto vars:     Size  Location     Type
		None
 Return value:  Size  Location     Type
                  1    wreg      void 
 Registers used:
		cstack
 Tracked objects:
		On entry : 
		On exit  : 
		Unchanged: 
 Data sizes:     COMRAM   BANK0   BANK1   BANK2   BANK3   BANK4   BANK5   BANK6   BANK7
      Params:         0       0       0       0       0       0       0       0       0
      Locals:         0       0       0       0       0       0       0       0       0
      Temps:          0       0       0       0       0       0       0       0       0
      Totals:         0       0       0       0       0       0       0       0       0
Total ram usage:        0 bytes
 Hardware stack levels used:    1
 Hardware stack levels required when called:    6
 This function calls:
		_INIT_INTCON
		_INIT_INTCON2
		_INIT_INTCON3
		_INIT_IPR1
		_INIT_IPR2
		_INIT_PIE1
		_INIT_PIE2
		_INIT_RCON
 This function is called by:
		_main
 This function uses a non-reentrant model


 *************** function _INIT_RCON *****************
 Defined at:
		line 47 in file "Interrupts.c"
 Parameters:    Size  Location     Type
		None
 Auto vars:     Size  Location     Type
		None
 Return value:  Size  Location     Type
                  1    wreg      void 
 Registers used:
		None
 Tracked objects:
		On entry : 
		On exit  : 
		Unchanged: 
 Data sizes:     COMRAM   BANK0   BANK1   BANK2   BANK3   BANK4   BANK5   BANK6   BANK7
      Params:         0       0       0       0       0       0       0       0       0
      Locals:         0       0       0       0       0       0       0       0       0
      Temps:          0       0       0       0       0       0       0       0       0
      Totals:         0       0       0       0       0       0       0       0       0
Total ram usage:        0 bytes
 Hardware stack levels used:    1
 Hardware stack levels required when called:    5
 This function calls:
		Nothing
 This function is called by:
		_Interrupt_Init
 This function uses a non-reentrant model


 *************** function _INIT_PIE2 *****************
 Defined at:
		line 63 in file "Interrupts.c"
 Parameters:    Size  Location     Type
		None
 Auto vars:     Size  Location     Type
		None
 Return value:  Size  Location     Type
                  1    wreg      void 
 Registers used:
		None
 Tracked objects:
		On entry : 
		On exit  : 
		Unchanged: 
 Data sizes:     COMRAM   BANK0   BANK1   BANK2   BANK3   BANK4   BANK5   BANK6   BANK7
      Params:         0       0       0       0       0       0       0       0       0
      Locals:         0       0       0       0       0       0       0       0       0
      Temps:          0       0       0       0       0       0       0       0       0
      Totals:         0       0       0       0       0       0       0       0       0
Total ram usage:        0 bytes
 Hardware stack levels used:    1
 Hardware stack levels required when called:    5
 This function calls:
		Nothing
 This function is called by:
		_Interrupt_Init
 This function uses a non-reentrant model


 *************** function _INIT_PIE1 *****************
 Defined at:
		line 52 in file "Interrupts.c"
 Parameters:    Size  Location     Type
		None
 Auto vars:     Size  Location     Type
		None
 Return value:  Size  Location     Type
                  1    wreg      void 
 Registers used:
		None
 Tracked objects:
		On entry : 
		On exit  : 
		Unchanged: 
 Data sizes:     COMRAM   BANK0   BANK1   BANK2   BANK3   BANK4   BANK5   BANK6   BANK7
      Params:         0       0       0       0       0       0       0       0       0
      Locals:         0       0       0       0       0       0       0       0       0
      Temps:          0       0       0       0       0       0       0       0       0
      Totals:         0       0       0       0       0       0       0       0       0
Total ram usage:        0 bytes
 Hardware stack levels used:    1
 Hardware stack levels required when called:    5
 This function calls:
		Nothing
 This function is called by:
		_Interrupt_Init
 This function uses a non-reentrant model


 *************** function _INIT_IPR2 *****************
 Defined at:
		line 84 in file "Interrupts.c"
 Parameters:    Size  Location     Type
		None
 Auto vars:     Size  Location     Type
		None
 Return value:  Size  Location     Type
                  1    wreg      void 
 Registers used:
		None
 Tracked objects:
		On entry : 
		On exit  : 
		Unchanged: 
 Data sizes:     COMRAM   BANK0   BANK1   BANK2   BANK3   BANK4   BANK5   BANK6   BANK7
      Params:         0       0       0       0       0       0       0       0       0
      Locals:         0       0       0       0       0       0       0       0       0
      Temps:          0       0       0       0       0       0       0       0       0
      Totals:         0       0       0       0       0       0       0       0       0
Total ram usage:        0 bytes
 Hardware stack levels used:    1
 Hardware stack levels required when called:    5
 This function calls:
		Nothing
 This function is called by:
		_Interrupt_Init
 This function uses a non-reentrant model


 *************** function _INIT_IPR1 *****************
 Defined at:
		line 74 in file "Interrupts.c"
 Parameters:    Size  Location     Type
		None
 Auto vars:     Size  Location     Type
		None
 Return value:  Size  Location     Type
                  1    wreg      void 
 Registers used:
		None
 Tracked objects:
		On entry : 
		On exit  : 
		Unchanged: 
 Data sizes:     COMRAM   BANK0   BANK1   BANK2   BANK3   BANK4   BANK5   BANK6   BANK7
      Params:         0       0       0       0       0       0       0       0       0
      Locals:         0       0       0       0       0       0       0       0       0
      Temps:          0       0       0       0       0       0       0       0       0
      Totals:         0       0       0       0       0       0       0       0       0
Total ram usage:        0 bytes
 Hardware stack levels used:    1
 Hardware stack levels required when called:    5
 This function calls:
		Nothing
 This function is called by:
		_Interrupt_Init
 This function uses a non-reentrant model


 *************** function _INIT_INTCON3 *****************
 Defined at:
		line 39 in file "Interrupts.c"
 Parameters:    Size  Location     Type
		None
 Auto vars:     Size  Location     Type
		None
 Return value:  Size  Location     Type
                  1    wreg      void 
 Registers used:
		None
 Tracked objects:
		On entry : 
		On exit  : 
		Unchanged: 
 Data sizes:     COMRAM   BANK0   BANK1   BANK2   BANK3   BANK4   BANK5   BANK6   BANK7
      Params:         0       0       0       0       0       0       0       0       0
      Locals:         0       0       0       0       0       0       0       0       0
      Temps:          0       0       0       0       0       0       0       0       0
      Totals:         0       0       0       0       0       0       0       0       0
Total ram usage:        0 bytes
 Hardware stack levels used:    1
 Hardware stack levels required when called:    5
 This function calls:
		Nothing
 This function is called by:
		_Interrupt_Init
 This function uses a non-reentrant model


 *************** function _INIT_INTCON2 *****************
 Defined at:
		line 28 in file "Interrupts.c"
 Parameters:    Size  Location     Type
		None
 Auto vars:     Size  Location     Type
		None
 Return value:  Size  Location     Type
                  1    wreg      void 
 Registers used:
		None
 Tracked objects:
		On entry : 
		On exit  : 
		Unchanged: 
 Data sizes:     COMRAM   BANK0   BANK1   BANK2   BANK3   BANK4   BANK5   BANK6   BANK7
      Params:         0       0       0       0       0       0       0       0       0
      Locals:         0       0       0       0       0       0       0       0       0
      Temps:          0       0       0       0       0       0       0       0       0
      Totals:         0       0       0       0       0       0       0       0       0
Total ram usage:        0 bytes
 Hardware stack levels used:    1
 Hardware stack levels required when called:    5
 This function calls:
		Nothing
 This function is called by:
		_Interrupt_Init
 This function uses a non-reentrant model


 *************** function _INIT_INTCON *****************
 Defined at:
		line 11 in file "Interrupts.c"
 Parameters:    Size  Location     Type
		None
 Auto vars:     Size  Location     Type
		None
 Return value:  Size  Location     Type
                  1    wreg      void 
 Registers used:
		None
 Tracked objects:
		On entry : 
		On exit  : 
		Unchanged: 
 Data sizes:     COMRAM   BANK0   BANK1   BANK2   BANK3   BANK4   BANK5   BANK6   BANK7
      Params:         0       0       0       0       0       0       0       0       0
      Locals:         0       0       0       0       0       0       0       0       0
      Temps:          0       0       0       0       0       0       0       0       0
      Totals:         0       0       0       0       0       0       0       0       0
Total ram usage:        0 bytes
 Hardware stack levels used:    1
 Hardware stack levels required when called:    5
 This function calls:
		Nothing
 This function is called by:
		_Interrupt_Init
 This function uses a non-reentrant model


 *************** function _InitDHT11Driver *****************
 Defined at:
		line 106 in file "DHT11Driver.c"
 Parameters:    Size  Location     Type
		None
 Auto vars:     Size  Location     Type
		None
 Return value:  Size  Location     Type
                  1    wreg      void 
 Registers used:
		wreg, status,2, status,0, cstack
 Tracked objects:
		On entry : 
		On exit  : 
		Unchanged: 
 Data sizes:     COMRAM   BANK0   BANK1   BANK2   BANK3   BANK4   BANK5   BANK6   BANK7
      Params:         0       0       0       0       0       0       0       0       0
      Locals:         0       0       0       0       0       0       0       0       0
      Temps:          0       0       0       0       0       0       0       0       0
      Totals:         0       0       0       0       0       0       0       0       0
Total ram usage:        0 bytes
 Hardware stack levels used:    1
 Hardware stack levels required when called:    6
 This function calls:
		_ConfigureTimer1
 This function is called by:
		_main
 This function uses a non-reentrant model


 *************** function _ConfigureTimer1 *****************
 Defined at:
		line 6 in file "CCP1.c"
 Parameters:    Size  Location     Type
		None
 Auto vars:     Size  Location     Type
		None
 Return value:  Size  Location     Type
                  2  313[None  ] int 
 Registers used:
		wreg, status,2, status,0
 Tracked objects:
		On entry : 
		On exit  : 
		Unchanged: 
 Data sizes:     COMRAM   BANK0   BANK1   BANK2   BANK3   BANK4   BANK5   BANK6   BANK7
      Params:         0       0       0       0       0       0       0       0       0
      Locals:         0       0       0       0       0       0       0       0       0
      Temps:          0       0       0       0       0       0       0       0       0
      Totals:         0       0       0       0       0       0       0       0       0
Total ram usage:        0 bytes
 Hardware stack levels used:    1
 Hardware stack levels required when called:    5
 This function calls:
		Nothing
 This function is called by:
		_InitDHT11Driver
 This function uses a non-reentrant model


 *************** function _HighISR *****************
 Defined at:
		line 69 in file "Main.c"
 Parameters:    Size  Location     Type
		None
 Auto vars:     Size  Location     Type
		None
 Return value:  Size  Location     Type
                  1    wreg      void 
 Registers used:
		wreg, fsr2l, fsr2h, status,2, status,0, pclat, tosl, prodl, prodh, cstack
 Tracked objects:
		On entry : 
		On exit  : 
		Unchanged: 
 Data sizes:     COMRAM   BANK0   BANK1   BANK2   BANK3   BANK4   BANK5   BANK6   BANK7
      Params:         0       0       0       0       0       0       0       0       0
      Locals:         0       0       0       0       0       0       0       0       0
      Temps:         16       0       0       0       0       0       0       0       0
      Totals:        16       0       0       0       0       0       0       0       0
Total ram usage:       16 bytes
 Hardware stack levels used:    1
 Hardware stack levels required when called:    4
 This function calls:
		_DHTSignalResponse
		_FirstStateRequest
		_Idle
		_RecievingData
		_SecondStateRequest
		i2_TMR0_WRITE_HIGH
		i2_TMR0_WRITE_LOW
		i2_TurnOnLights
 This function is called by:
		Interrupt level 2
 This function uses a non-reentrant model


 *************** function i2_TurnOnLights *****************
 Defined at:
		line 12 in file "LedDriver.c"
 Parameters:    Size  Location     Type
		None
 Auto vars:     Size  Location     Type
		None
 Return value:  Size  Location     Type
                  2    0[None  ] int 
 Registers used:
		wreg, status,2, status,0, prodl, prodh, cstack
 Tracked objects:
		On entry : 
		On exit  : 
		Unchanged: 
 Data sizes:     COMRAM   BANK0   BANK1   BANK2   BANK3   BANK4   BANK5   BANK6   BANK7
      Params:         0       0       0       0       0       0       0       0       0
      Locals:         0       0       0       0       0       0       0       0       0
      Temps:          0       0       0       0       0       0       0       0       0
      Totals:         0       0       0       0       0       0       0       0       0
Total ram usage:        0 bytes
 Hardware stack levels used:    1
 Hardware stack levels required when called:    3
 This function calls:
		i2_SetPWM
		i2_StartPWM
 This function is called by:
		_HighISR
 This function uses a non-reentrant model


 *************** function i2_StartPWM *****************
 Defined at:
		line 17 in file "PWM.c"
 Parameters:    Size  Location     Type
		None
 Auto vars:     Size  Location     Type
		None
 Return value:  Size  Location     Type
                  1    wreg      void 
 Registers used:
		wreg, status,2
 Tracked objects:
		On entry : 
		On exit  : 
		Unchanged: 
 Data sizes:     COMRAM   BANK0   BANK1   BANK2   BANK3   BANK4   BANK5   BANK6   BANK7
      Params:         0       0       0       0       0       0       0       0       0
      Locals:         0       0       0       0       0       0       0       0       0
      Temps:          0       0       0       0       0       0       0       0       0
      Totals:         0       0       0       0       0       0       0       0       0
Total ram usage:        0 bytes
 Hardware stack levels used:    1
 This function calls:
		Nothing
 This function is called by:
		i2_TurnOnLights
 This function uses a non-reentrant model


 *************** function i2_SetPWM *****************
 Defined at:
		line 44 in file "PWM.c"
 Parameters:    Size  Location     Type
  dutycycle       1    wreg     unsigned char 
 Auto vars:     Size  Location     Type
  dutycycle       1   17[COMRAM] unsigned char 
 Return value:  Size  Location     Type
                  1    wreg      void 
 Registers used:
		wreg, status,2, status,0, prodl, prodh, cstack
 Tracked objects:
		On entry : 
		On exit  : 
		Unchanged: 
 Data sizes:     COMRAM   BANK0   BANK1   BANK2   BANK3   BANK4   BANK5   BANK6   BANK7
      Params:         0       0       0       0       0       0       0       0       0
      Locals:         1       0       0       0       0       0       0       0       0
      Temps:          0       0       0       0       0       0       0       0       0
      Totals:         1       0       0       0       0       0       0       0       0
Total ram usage:        1 bytes
 Hardware stack levels used:    1
 Hardware stack levels required when called:    2
 This function calls:
		i2_SetDutyCycle
		i2_SetPeriod
 This function is called by:
		i2_TurnOnLights
 This function uses a non-reentrant model


 *************** function i2_SetPeriod *****************
 Defined at:
		line 28 in file "PWM.c"
 Parameters:    Size  Location     Type
		None
 Auto vars:     Size  Location     Type
		None
 Return value:  Size  Location     Type
                  1    wreg      void 
 Registers used:
		wreg, status,2
 Tracked objects:
		On entry : 
		On exit  : 
		Unchanged: 
 Data sizes:     COMRAM   BANK0   BANK1   BANK2   BANK3   BANK4   BANK5   BANK6   BANK7
      Params:         0       0       0       0       0       0       0       0       0
      Locals:         0       0       0       0       0       0       0       0       0
      Temps:          0       0       0       0       0       0       0       0       0
      Totals:         0       0       0       0       0       0       0       0       0
Total ram usage:        0 bytes
 Hardware stack levels used:    1
 This function calls:
		Nothing
 This function is called by:
		i2_SetPWM
 This function uses a non-reentrant model


 *************** function i2_SetDutyCycle *****************
 Defined at:
		line 33 in file "PWM.c"
 Parameters:    Size  Location     Type
  dutycycle       1    wreg     unsigned char 
 Auto vars:     Size  Location     Type
  dutycycle       1   16[COMRAM] unsigned char 
 Return value:  Size  Location     Type
                  1    wreg      void 
 Registers used:
		wreg, status,2, status,0, prodl, prodh, cstack
 Tracked objects:
		On entry : 
		On exit  : 
		Unchanged: 
 Data sizes:     COMRAM   BANK0   BANK1   BANK2   BANK3   BANK4   BANK5   BANK6   BANK7
      Params:         0       0       0       0       0       0       0       0       0
      Locals:         1       0       0       0       0       0       0       0       0
      Temps:          2       0       0       0       0       0       0       0       0
      Totals:         3       0       0       0       0       0       0       0       0
Total ram usage:        3 bytes
 Hardware stack levels used:    1
 Hardware stack levels required when called:    1
 This function calls:
		i2___awdiv
		i2___wmul
 This function is called by:
		i2_SetPWM
 This function uses a non-reentrant model


 *************** function i2___wmul *****************
 Defined at:
		line 15 in file "C:\Program Files (x86)\Microchip\xc8\v1.36\sources\common\Umul16.c"
 Parameters:    Size  Location     Type
  multiplier      2    0[COMRAM] unsigned int 
  multiplicand    2    2[COMRAM] unsigned int 
 Auto vars:     Size  Location     Type
  __wmul          2    4[COMRAM] unsigned int 
 Return value:  Size  Location     Type
                  2    0[COMRAM] unsigned int 
 Registers used:
		wreg, status,2, status,0, prodl, prodh
 Tracked objects:
		On entry : 
		On exit  : 
		Unchanged: 
 Data sizes:     COMRAM   BANK0   BANK1   BANK2   BANK3   BANK4   BANK5   BANK6   BANK7
      Params:         4       0       0       0       0       0       0       0       0
      Locals:         2       0       0       0       0       0       0       0       0
      Temps:          0       0       0       0       0       0       0       0       0
      Totals:         6       0       0       0       0       0       0       0       0
Total ram usage:        6 bytes
 Hardware stack levels used:    1
 This function calls:
		Nothing
 This function is called by:
		i2_SetDutyCycle
 This function uses a non-reentrant model


 *************** function i2___awdiv *****************
 Defined at:
		line 8 in file "C:\Program Files (x86)\Microchip\xc8\v1.36\sources\common\awdiv.c"
 Parameters:    Size  Location     Type
  dividend        2    6[COMRAM] int 
  divisor         2    8[COMRAM] int 
 Auto vars:     Size  Location     Type
  __awdiv         2   12[COMRAM] int 
  __awdiv         1   11[COMRAM] unsigned char 
  __awdiv         1   10[COMRAM] unsigned char 
 Return value:  Size  Location     Type
                  2    6[COMRAM] int 
 Registers used:
		wreg, status,2, status,0
 Tracked objects:
		On entry : 
		On exit  : 
		Unchanged: 
 Data sizes:     COMRAM   BANK0   BANK1   BANK2   BANK3   BANK4   BANK5   BANK6   BANK7
      Params:         4       0       0       0       0       0       0       0       0
      Locals:         4       0       0       0       0       0       0       0       0
      Temps:          0       0       0       0       0       0       0       0       0
      Totals:         8       0       0       0       0       0       0       0       0
Total ram usage:        8 bytes
 Hardware stack levels used:    1
 This function calls:
		Nothing
 This function is called by:
		i2_SetDutyCycle
 This function uses a non-reentrant model


 *************** function i2_TMR0_WRITE_LOW *****************
 Defined at:
		line 79 in file "Timer_0.c"
 Parameters:    Size  Location     Type
  valorLow        1    wreg     unsigned char 
 Auto vars:     Size  Location     Type
  valorLow        1    0[COMRAM] unsigned char 
 Return value:  Size  Location     Type
                  1    wreg      void 
 Registers used:
		wreg
 Tracked objects:
		On entry : 
		On exit  : 
		Unchanged: 
 Data sizes:     COMRAM   BANK0   BANK1   BANK2   BANK3   BANK4   BANK5   BANK6   BANK7
      Params:         0       0       0       0       0       0       0       0       0
      Locals:         1       0       0       0       0       0       0       0       0
      Temps:          0       0       0       0       0       0       0       0       0
      Totals:         1       0       0       0       0       0       0       0       0
Total ram usage:        1 bytes
 Hardware stack levels used:    1
 This function calls:
		Nothing
 This function is called by:
		_HighISR
 This function uses a non-reentrant model


 *************** function i2_TMR0_WRITE_HIGH *****************
 Defined at:
		line 66 in file "Timer_0.c"
 Parameters:    Size  Location     Type
  valorHigh       1    wreg     unsigned char 
 Auto vars:     Size  Location     Type
  valorHigh       1    0[COMRAM] unsigned char 
 Return value:  Size  Location     Type
                  1    wreg      void 
 Registers used:
		wreg
 Tracked objects:
		On entry : 
		On exit  : 
		Unchanged: 
 Data sizes:     COMRAM   BANK0   BANK1   BANK2   BANK3   BANK4   BANK5   BANK6   BANK7
      Params:         0       0       0       0       0       0       0       0       0
      Locals:         1       0       0       0       0       0       0       0       0
      Temps:          0       0       0       0       0       0       0       0       0
      Totals:         1       0       0       0       0       0       0       0       0
Total ram usage:        1 bytes
 Hardware stack levels used:    1
 This function calls:
		Nothing
 This function is called by:
		_HighISR
 This function uses a non-reentrant model


 *************** function _RecievingData *****************
 Defined at:
		line 64 in file "DHT11Driver.c"
 Parameters:    Size  Location     Type
		None
 Auto vars:     Size  Location     Type
		None
 Return value:  Size  Location     Type
                  1    wreg      void 
 Registers used:
		wreg, fsr2l, fsr2h, status,2, status,0, prodl, prodh
 Tracked objects:
		On entry : 
		On exit  : 
		Unchanged: 
 Data sizes:     COMRAM   BANK0   BANK1   BANK2   BANK3   BANK4   BANK5   BANK6   BANK7
      Params:         0       0       0       0       0       0       0       0       0
      Locals:         0       0       0       0       0       0       0       0       0
      Temps:          2       0       0       0       0       0       0       0       0
      Totals:         2       0       0       0       0       0       0       0       0
Total ram usage:        2 bytes
 Hardware stack levels used:    1
 This function calls:
		Nothing
 This function is called by:
		_HighISR
 This function uses a non-reentrant model


 *************** function _DHTSignalResponse *****************
 Defined at:
		line 52 in file "DHT11Driver.c"
 Parameters:    Size  Location     Type
		None
 Auto vars:     Size  Location     Type
		None
 Return value:  Size  Location     Type
                  1    wreg      void 
 Registers used:
		wreg, status,2, status,0
 Tracked objects:
		On entry : 
		On exit  : 
		Unchanged: 
 Data sizes:     COMRAM   BANK0   BANK1   BANK2   BANK3   BANK4   BANK5   BANK6   BANK7
      Params:         0       0       0       0       0       0       0       0       0
      Locals:         0       0       0       0       0       0       0       0       0
      Temps:          0       0       0       0       0       0       0       0       0
      Totals:         0       0       0       0       0       0       0       0       0
Total ram usage:        0 bytes
 Hardware stack levels used:    1
 This function calls:
		Nothing
 This function is called by:
		_HighISR
 This function uses a non-reentrant model


 *************** function _FirstStateRequest *****************
 Defined at:
		line 22 in file "DHT11Driver.c"
 Parameters:    Size  Location     Type
		None
 Auto vars:     Size  Location     Type
		None
 Return value:  Size  Location     Type
                  1    wreg      void 
 Registers used:
		wreg, status,2, status,0
 Tracked objects:
		On entry : 
		On exit  : 
		Unchanged: 
 Data sizes:     COMRAM   BANK0   BANK1   BANK2   BANK3   BANK4   BANK5   BANK6   BANK7
      Params:         0       0       0       0       0       0       0       0       0
      Locals:         0       0       0       0       0       0       0       0       0
      Temps:          0       0       0       0       0       0       0       0       0
      Totals:         0       0       0       0       0       0       0       0       0
Total ram usage:        0 bytes
 Hardware stack levels used:    1
 This function calls:
		Nothing
 This function is called by:
		_HighISR
 This function uses a non-reentrant model


 *************** function _Idle *****************
 Defined at:
		line 19 in file "DHT11Driver.c"
 Parameters:    Size  Location     Type
		None
 Auto vars:     Size  Location     Type
		None
 Return value:  Size  Location     Type
                  1    wreg      void 
 Registers used:
		None
 Tracked objects:
		On entry : 
		On exit  : 
		Unchanged: 
 Data sizes:     COMRAM   BANK0   BANK1   BANK2   BANK3   BANK4   BANK5   BANK6   BANK7
      Params:         0       0       0       0       0       0       0       0       0
      Locals:         0       0       0       0       0       0       0       0       0
      Temps:          0       0       0       0       0       0       0       0       0
      Totals:         0       0       0       0       0       0       0       0       0
Total ram usage:        0 bytes
 Hardware stack levels used:    1
 This function calls:
		Nothing
 This function is called by:
		_HighISR
 This function uses a non-reentrant model


 *************** function _SecondStateRequest *****************
 Defined at:
		line 45 in file "DHT11Driver.c"
 Parameters:    Size  Location     Type
		None
 Auto vars:     Size  Location     Type
		None
 Return value:  Size  Location     Type
                  1    wreg      void 
 Registers used:
		wreg, status,2
 Tracked objects:
		On entry : 
		On exit  : 
		Unchanged: 
 Data sizes:     COMRAM   BANK0   BANK1   BANK2   BANK3   BANK4   BANK5   BANK6   BANK7
      Params:         0       0       0       0       0       0       0       0       0
      Locals:         0       0       0       0       0       0       0       0       0
      Temps:          0       0       0       0       0       0       0       0       0
      Totals:         0       0       0       0       0       0       0       0       0
Total ram usage:        0 bytes
 Hardware stack levels used:    1
 This function calls:
		Nothing
 This function is called by:
		_HighISR
 This function uses a non-reentrant model



MODULE INFORMATION

Module		Function		Class		Link	Load	Size
C:\Program Files (x86)\Microchip\xc8\v1.36\sources\common\awdiv.c
		___awdiv       		CODE           	0C06	0000	191

C:\Program Files (x86)\Microchip\xc8\v1.36\sources\common\awdiv.c estimated size: 191

SerialCOM.c
		_SerialInit    		CODE           	105C	0000	41
		_ReadFrame     		CODE           	0804	0000	577

SerialCOM.c estimated size: 618

CCP1.c
		_ConfigureTimer1		CODE           	0F7E	0000	71

CCP1.c estimated size: 71

LedDriver.c
		_TurnOnLights  		CODE           	1122	0000	19
		_TurnOffLights 		CODE           	11A0	0000	13

LedDriver.c estimated size: 32

Interrupts.c
		_INIT_INTCON   		CODE           	11AC	0000	13
		_INIT_INTCON2  		CODE           	1192	0000	15
		_INIT_INTCON3  		CODE           	11E2	0000	11
		_INIT_IPR1     		CODE           	1156	0000	17
		_INIT_IPR2     		CODE           	1184	0000	15
		_Interrupt_Init		CODE           	10AA	0000	35
		_INIT_RCON     		CODE           	122C	0000	5
		_INIT_PIE1     		CODE           	1146	0000	17
		_INIT_PIE2     		CODE           	1176	0000	15

Interrupts.c estimated size: 143

C:\Program Files (x86)\Microchip\xc8\v1.36\sources\common\Umul16.c
		___wmul        		CODE           	0FFE	0000	55

C:\Program Files (x86)\Microchip\xc8\v1.36\sources\common\Umul16.c estimated size: 55

PWM.c
		_SetDutyCycle  		CODE           	0DE4	0000	117
		_SetPWM        		CODE           	10EE	0000	29
		_StopPWM       		CODE           	11C4	0000	11
		_StartPWM      		CODE           	1200	0000	9
		_SetPeriod     		CODE           	1220	0000	7

PWM.c estimated size: 173

Main.c
		_main          		CODE           	0CC4	0000	157
		_HighISR       		CODE           	0008	0000	465

Main.c estimated size: 622

shared
		i2_SetDutyCycle		CODE           	0EC2	0000	105
		i2_SetPWM      		CODE           	110A	0000	25
		i2___awdiv     		CODE           	0D60	0000	133
		i2___wmul      		CODE           	1084	0000	39
		i2_TMR0_WRITE_HIGH		CODE           	1218	0000	9
		i2_TurnOnLights		CODE           	1134	0000	19
		__initialization		CODE           	0E58	0000	93
		__SPBRG        		SMALLCONST     	0000	0000	0
		SerialCOM@_SPBRG		SMALLCONST     	0801	0000	2
		i2_TMR0_WRITE_LOW		CODE           	1210	0000	9
		i2_SetPeriod   		CODE           	1226	0000	7
		i2_StartPWM    		CODE           	1208	0000	9

shared estimated size: 450

Timer_0.c
		_TMR0_WRITE_LOW		CODE           	11CE	0000	11
		_TMR0_WRITE_HIGH		CODE           	11D8	0000	11
		_TMR0_INIT     		CODE           	1034	0000	41

Timer_0.c estimated size: 63

DHT11Driver.c
		_SecondStateRequest		CODE           	11B8	0000	13
		_Idle          		CODE           	1230	0000	3
		_InitDHT11Driver		CODE           	11EC	0000	11
		_DHTSignalResponse		CODE           	10CC	0000	35
		_FirstStateRequest		CODE           	0FC4	0000	59
		_RecievingData 		CODE           	0F2A	0000	85

DHT11Driver.c estimated size: 206

