Microchip MPLAB XC8 Compiler V1.36 ()

Linker command line:

-W-3 --edf=C:\Program Files (x86)\Microchip\xc8\v1.36\dat\en_msgs.txt -cs \
  -h+dist/default/production\Invernadero.X.production.sym \
  --cmf=dist/default/production\Invernadero.X.production.cmf -z -Q18F2550 \
  -oC:\Users\JUANJA~1\AppData\Local\Temp\s8ho.2 \
  -Mdist/default/production/Invernadero.X.production.map -E1 -ver=XC8 \
  -ASTACK=0B2h-07ffh -pstack=STACK -ACODE=00h-07FFFh -ACONST=00h-07FFFh \
  -ASMALLCONST=0800h-08FFhx120 -AMEDIUMCONST=0800h-07FFFh -ACOMRAM=01h-05Fh \
  -AABS1=00h-07FFh -ABIGRAM=01h-07FFh -ARAM=060h-0FFh,0100h-01FFhx7 \
  -ABANK0=060h-0FFh -ABANK1=0100h-01FFh -ABANK2=0200h-02FFh \
  -ABANK3=0300h-03FFh -ABANK4=0400h-04FFh -ABANK5=0500h-05FFh \
  -ABANK6=0600h-06FFh -ABANK7=0700h-07FFh -ASFR=0F60h-0FFFh \
  -preset_vec=00h,intcode=08h,intcodelo,powerup,init,end_init \
  -pramtop=0800h -psmallconst=SMALLCONST -pmediumconst=MEDIUMCONST \
  -pconst=CONST -AFARRAM=00h-00h -ACONFIG=0300000h-030000Dh -pconfig=CONFIG \
  -AIDLOC=0200000h-0200007h -pidloc=IDLOC -AEEDATA=0F00000h-0F000FFh \
  -peeprom_data=EEDATA \
  -prdata=COMRAM,nvrram=COMRAM,nvbit=COMRAM,rbss=COMRAM,rbit=COMRAM \
  -pfarbss=FARRAM,fardata=FARRAM,nvFARRAM=FARRAM \
  -pintsave_regs=BIGRAM,bigbss=BIGRAM,bigdata=BIGRAM -pbss=RAM \
  -pidata=CODE,irdata=CODE,ibigdata=CODE,ifardata=CODE -prparam=COMRAM \
  C:\Users\JUANJA~1\AppData\Local\Temp\s8ho.obj \
  dist/default/production\Invernadero.X.production.obj 

Object code version is 3.11

Machine type is 18F2550

Call graph: (short form)




                Name                               Link     Load   Length Selector   Space Scale
C:\Users\JUANJA~1\AppData\Local\Temp\s8ho.obj
                end_init                             16       16        4        4       0
                reset_vec                             0        0        4        0       0
                idloc                            200000   200000        8   200000       0
                config                           300000   300000        E   300000       0
dist/default/production\Invernadero.X.production.obj
                intcode                               8        8        E        4       0
                temp                                 55       55        1        1       1
                smallconst                          800      800        4      400       0
                text31                              C38      C38        C      402       0
                text30                              C9E      C9E        2      402       0
                text29                              AC8      AC8       34      402       0
                text28                              B94      B94       1A      402       0
                text27                              9E6      9E6       54      402       0
                text26                              C6C      C6C        A      402       0
                text25                              C94      C94        6      402       0
                text24                              900      900       84      402       0
                text23                              B4C      B4C       26      402       0
                text22                              984      984       62      402       0
                text21                              C8E      C8E        6      402       0
                text20                              BAE      BAE       18      402       0
                text19                              C86      C86        8      402       0
                text18                              C2C      C2C        C      402       0
                text17                              C7E      C7E        8      402       0
                text16                              C76      C76        8      402       0
                intcode_body                        804      804       FC      402       0
                text14                              A82      A82       46      402       0
                text13                              C62      C62        A      402       0
                text12                              C20      C20        C      402       0
                text11                              C12      C12        E      402       0
                text10                              C58      C58        A      402       0
                text9                               BE6      BE6       10      402       0
                text8                               C04      C04        E      402       0
                text7                               BD6      BD6       10      402       0
                text6                               BF6      BF6        E      402       0
                text5                               C9A      C9A        4      402       0
                text4                               B72      B72       22      402       0
                text3                               B24      B24       28      402       0
                text2                               C4E      C4E        A      402       0
                text1                               C44      C44        A      402       0
                text0                               AFC      AFC       28      402       0
                cstackCOMRAM                         24       24       20        1       1
                cstackBANK0                          B0       B0        2       60       1
                bssBANK0                             60       60       50       60       1
                dataCOMRAM                           44       44       10        1       1
                bssCOMRAM                             1        1       23        1       1
                bitbssCOMRAM                        2A0       54        3        1       1     8
                cinit                               A3A      A3A       48      402       0
                idataCOMRAM                         BC6      BC6       10      402       0

TOTAL           Name                               Link     Load   Length     Space
        CLASS   STACK          

        CLASS   CODE           
                end_init                             16       16        4         0
                intcode                               8        8        E         0
                reset_vec                             0        0        4         0
                text31                              C38      C38        C         0
                text30                              C9E      C9E        2         0
                text29                              AC8      AC8       34         0
                text28                              B94      B94       1A         0
                text27                              9E6      9E6       54         0
                text26                              C6C      C6C        A         0
                text25                              C94      C94        6         0
                text24                              900      900       84         0
                text23                              B4C      B4C       26         0
                text22                              984      984       62         0
                text21                              C8E      C8E        6         0
                text20                              BAE      BAE       18         0
                text19                              C86      C86        8         0
                text18                              C2C      C2C        C         0
                text17                              C7E      C7E        8         0
                text16                              C76      C76        8         0
                intcode_body                        804      804       FC         0
                text14                              A82      A82       46         0
                text13                              C62      C62        A         0
                text12                              C20      C20        C         0
                text11                              C12      C12        E         0
                text10                              C58      C58        A         0
                text9                               BE6      BE6       10         0
                text8                               C04      C04        E         0
                text7                               BD6      BD6       10         0
                text6                               BF6      BF6        E         0
                text5                               C9A      C9A        4         0
                text4                               B72      B72       22         0
                text3                               B24      B24       28         0
                text2                               C4E      C4E        A         0
                text1                               C44      C44        A         0
                text0                               AFC      AFC       28         0
                cinit                               A3A      A3A       48         0
                idataCOMRAM                         BC6      BC6       10         0

        CLASS   CONST          

        CLASS   SMALLCONST     
                smallconst                          800      800        4         0

        CLASS   MEDIUMCONST    

        CLASS   COMRAM         
                temp                                 55       55        1         1
                cstackCOMRAM                         24       24       20         1
                dataCOMRAM                           44       44       10         1
                bssCOMRAM                             1        1       23         1
                bitbssCOMRAM                        2A0       54        3         1

        CLASS   ABS1           

        CLASS   BIGRAM         

        CLASS   RAM            

        CLASS   BANK0          
                cstackBANK0                          B0       B0        2         1
                bssBANK0                             60       60       50         1

        CLASS   BANK1          

        CLASS   BANK2          

        CLASS   BANK3          

        CLASS   BANK4          

        CLASS   BANK5          

        CLASS   BANK6          

        CLASS   BANK7          

        CLASS   SFR            

        CLASS   FARRAM         

        CLASS   CONFIG         
                config                           300000   300000        E         0

        CLASS   IDLOC          
                idloc                            200000   200000        8         0

        CLASS   EEDATA         



SEGMENTS        Name                           Load    Length   Top    Selector   Space  Class

                reset_vec                      000000  000004  000004         0       0  CODE    
                bssCOMRAM                      000001  000055  000056         1       1  COMRAM  
                intcode                        000008  000012  00001A         4       0  CODE    
                bssBANK0                       000060  000052  0000B2        60       1  BANK0   
                smallconst                     000800  000004  000804       400       0  SMALLCON
                intcode_body                   000804  00049C  000CA0       402       0  CODE    
                idloc                          200000  000008  200008    200000       0  IDLOC   
                config                         300000  00000E  30000E    300000       0  CONFIG  


UNUSED ADDRESS RANGES

        Name                Unused          Largest block    Delta
        BANK0            0000B2-0000FF               4E
        BANK1            000100-0001FF              100
        BANK2            000200-0002FF              100
        BANK3            000300-0003FF              100
        BANK4            000400-0004FF              100
        BANK5            000500-0005FF              100
        BANK6            000600-0006FF              100
        BANK7            000700-0007FF              100
        BIGRAM           000056-00005F                A
                         0000B2-0007FF              74E
        CODE             000004-000007                4
                         00001A-0007FF              7E6
                         000CA0-007FFF             7360
        COMRAM           000056-00005F                A
        CONST            000004-000007                4
                         00001A-0007FF              7E6
                         000CA0-007FFF             7360
        EEDATA           F00000-F000FF              100
        MEDIUMCONST      000CA0-007FFF             7360
        RAM              0000B2-0007FF              100
        SFR              000F60-000FFF               A0
        SMALLCONST       000CA0-007FFF              100
        STACK            0000B2-0007FF              74E

                                  Symbol Table

?___awdiv                    cstackCOMRAM 00002A
?___wmul                     cstackCOMRAM 000024
SetDutyCycle@dutycycle       cstackCOMRAM 000034
SetPWM@dutycycle             cstackCOMRAM 000035
TMR0_INIT@T0PS               cstackBANK0  0000B1
TMR0_INIT@bits               cstackBANK0  0000B0
TMR0_WRITE_HIGH@valorHigh    cstackBANK0  0000B0
TMR0_WRITE_LOW@valorLow      cstackBANK0  0000B0
_ADIF                        (abs)        007CF6
_CCP1CON                     (abs)        000FBD
_CCP1IE                      (abs)        007CEA
_CCP1IF                      (abs)        007CF2
_CCP2CON                     (abs)        000FBA
_CCPR1                       (abs)        000FBE
_CCPR1H                      (abs)        000FBF
_CCPR1L                      (abs)        000FBE
_CCPR2L                      (abs)        000FBB
_ConfigureTimer1             text14       000A82
_DHTSignalResponse           text28       000B94
_DHT_StateMachine            dataCOMRAM   000044
_DecimalHumidity             bssCOMRAM    000011
_DecimalTemperature          bssCOMRAM    000012
_Door_f                      bitbssCOMRAM 0002A0
_FirstStateRequest           text29       000AC8
_HighISR                     intcode      000008
_INIT_INTCON                 text12       000C20
_INIT_INTCON2                text11       000C12
_INIT_INTCON3                text10       000C58
_INIT_IPR1                   text9        000BE6
_INIT_IPR2                   text8        000C04
_INIT_PIE1                   text7        000BD6
_INIT_PIE2                   text6        000BF6
_INIT_RCON                   text5        000C9A
_INT2IF                      (abs)        007F81
_INTCON2bits                 (abs)        000FF1
_INTCON3bits                 (abs)        000FF0
_INTCONbits                  (abs)        000FF2
_INTEDG2                     (abs)        007F8C
_IPR1bits                    (abs)        000F9F
_IPR2bits                    (abs)        000FA2
_Idle                        text30       000C9E
_InitDHT11Driver             text13       000C62
_IntegerHumidity             bssCOMRAM    000013
_IntegerTemperature          bssCOMRAM    000014
_Interrupt_Init              text4        000B72
_LATA0                       (abs)        007C48
_LATB3                       (abs)        007C53
_LSb                         bssCOMRAM    000007
_Light_f                     bitbssCOMRAM 0002A1
_MSb                         bssCOMRAM    000009
_Night_f                     bitbssCOMRAM 0002A2
_OSCCON                      (abs)        000FD3
_PIE1bits                    (abs)        000F9D
_PIE2bits                    (abs)        000FA0
_PR2                         (abs)        000FCB
_PWMValue                    bssCOMRAM    00000B
_RCONbits                    (abs)        000FD0
_RecievingData               text27       0009E6
_SecondStateRequest          text31       000C38
_SetDutyCycle                text22       000984
_SetPWM                      text20       000BAE
_SetPeriod                   text21       000C8E
_StartPWM                    text19       000C86
_StopPWM                     text26       000C6C
_T0CON                       (abs)        000FD5
_T0IF                        (abs)        007F92
_T1CON                       (abs)        000FCD
_T1CONbits                   (abs)        000FCD
_T1OSCEN                     (abs)        007E6B
_T1RUN                       (abs)        007E6E
_T2CON                       (abs)        000FCA
_T3CON                       (abs)        000FB1
_TMR0                        (abs)        000FD6
_TMR0H                       (abs)        000FD7
_TMR0IF                      (abs)        007F92
_TMR0L                       (abs)        000FD6
_TMR0ON                      (abs)        007EAF
_TMR0_INIT                   text3        000B24
_TMR0_WRITE_HIGH             text2        000C4E
_TMR0_WRITE_LOW              text1        000C44
_TMR1                        (abs)        000FCE
_TMR1CS                      (abs)        007E69
_TMR1H                       (abs)        000FCF
_TMR1L                       (abs)        000FCE
_TMR1ON                      (abs)        007E68
_TRISAbits                   (abs)        000F92
_TRISBbits                   (abs)        000F93
_TimerCounter                bssCOMRAM    000015
_TurnOffLights               text25       000C94
_TurnOnLights                text18       000C2C
__CFG_BOR$SOFT               (abs)        000000
__CFG_BORV$3                 (abs)        000000
__CFG_CCP2MX$OFF             (abs)        000000
__CFG_CP0$ON                 (abs)        000000
__CFG_CP1$ON                 (abs)        000000
__CFG_CP2$ON                 (abs)        000000
__CFG_CP3$ON                 (abs)        000000
__CFG_CPB$ON                 (abs)        000000
__CFG_CPD$ON                 (abs)        000000
__CFG_CPUDIV$OSC1_PLL2       (abs)        000000
__CFG_EBTR0$ON               (abs)        000000
__CFG_EBTR1$ON               (abs)        000000
__CFG_EBTR2$ON               (abs)        000000
__CFG_EBTR3$ON               (abs)        000000
__CFG_EBTRB$ON               (abs)        000000
__CFG_FCMEN$OFF              (abs)        000000
__CFG_FOSC$INTOSC_HS         (abs)        000000
__CFG_IESO$OFF               (abs)        000000
__CFG_LPT1OSC$OFF            (abs)        000000
__CFG_LVP$ON                 (abs)        000000
__CFG_MCLRE$OFF              (abs)        000000
__CFG_PBADEN$OFF             (abs)        000000
__CFG_PLLDIV$1               (abs)        000000
__CFG_PWRT$OFF               (abs)        000000
__CFG_STVREN$ON              (abs)        000000
__CFG_USBDIV$1               (abs)        000000
__CFG_VREGEN$OFF             (abs)        000000
__CFG_WDT$OFF                (abs)        000000
__CFG_WDTPS$32768            (abs)        000000
__CFG_WRT0$ON                (abs)        000000
__CFG_WRT1$ON                (abs)        000000
__CFG_WRT2$ON                (abs)        000000
__CFG_WRT3$ON                (abs)        000000
__CFG_WRTB$ON                (abs)        000000
__CFG_WRTC$ON                (abs)        000000
__CFG_WRTD$ON                (abs)        000000
__CFG_XINST$OFF              (abs)        000000
__HRAM                       (abs)        000000
__Habs1                      abs1         000000
__Hbank0                     bank0        000000
__Hbank1                     bank1        000000
__Hbank2                     bank2        000000
__Hbank3                     bank3        000000
__Hbank4                     bank4        000000
__Hbank5                     bank5        000000
__Hbank6                     bank6        000000
__Hbank7                     bank7        000000
__Hbigbss                    bigbss       000000
__Hbigdata                   bigdata      000000
__Hbigram                    bigram       000000
__HbitbssCOMRAM              bitbssCOMRAM 000000
__Hbss                       bss          000000
__HbssBANK0                  bssBANK0     000000
__HbssCOMRAM                 bssCOMRAM    000000
__Hcinit                     cinit        000000
__Hclrtext                   clrtext      000000
__Hcomram                    comram       000000
__Hconfig                    config       30000E
__Hconst                     const        000000
__HcstackBANK0               cstackBANK0  000000
__HcstackCOMRAM              cstackCOMRAM 000000
__Hdata                      data         000000
__HdataCOMRAM                dataCOMRAM   000000
__Heeprom_data               eeprom_data  000000
__Hend_init                  end_init     00001A
__Hfarbss                    farbss       000000
__Hfardata                   fardata      000000
__Hibigdata                  ibigdata     000000
__Hidata                     idata        000000
__HidataCOMRAM               idataCOMRAM  000000
__Hidloc                     idloc        200008
__Hifardata                  ifardata     000000
__Hinit                      init         000016
__Hintcode                   intcode      000016
__Hintcode_body              intcode_body 000000
__Hintcodelo                 intcodelo    000016
__Hintentry                  intentry     000000
__Hintret                    intret       000000
__Hintsave_regs              intsave_regs 000000
__Hirdata                    irdata       000000
__Hmediumconst               mediumconst  000000
__HnvFARRAM                  nvFARRAM     000000
__Hnvbit                     nvbit        000000
__Hnvrram                    nvrram       000000
__Hparam                     rparam       000000
__Hpowerup                   powerup      000016
__Hram                       ram          000000
__Hramtop                    ramtop       000800
__Hrbit                      rbit         000000
__Hrbss                      rbss         000000
__Hrdata                     rdata        000000
__Hreset_vec                 reset_vec    000004
__Hrparam                    rparam       000000
__Hsfr                       sfr          000000
__Hsmallconst                smallconst   000804
__Hspace_0                   (abs)        30000E
__Hspace_1                   (abs)        0002A3
__Hspace_2                   (abs)        000000
__Hstack                     stack        000000
__Hstruct                    struct       000000
__Htemp                      temp         000056
__Htext                      text         000000
__Htext0                     text0        000000
__Htext1                     text1        000000
__Htext10                    text10       000000
__Htext11                    text11       000000
__Htext12                    text12       000000
__Htext13                    text13       000000
__Htext14                    text14       000000
__Htext16                    text16       000000
__Htext17                    text17       000000
__Htext18                    text18       000000
__Htext19                    text19       000000
__Htext2                     text2        000000
__Htext20                    text20       000000
__Htext21                    text21       000000
__Htext22                    text22       000000
__Htext23                    text23       000000
__Htext24                    text24       000000
__Htext25                    text25       000000
__Htext26                    text26       000000
__Htext27                    text27       000000
__Htext28                    text28       000000
__Htext29                    text29       000000
__Htext3                     text3        000000
__Htext30                    text30       000000
__Htext31                    text31       000000
__Htext32                    text32       000000
__Htext4                     text4        000000
__Htext5                     text5        000000
__Htext6                     text6        000000
__Htext7                     text7        000000
__Htext8                     text8        000000
__Htext9                     text9        000000
__LRAM                       (abs)        000001
__Labs1                      abs1         000000
__Lbank0                     bank0        000000
__Lbank1                     bank1        000000
__Lbank2                     bank2        000000
__Lbank3                     bank3        000000
__Lbank4                     bank4        000000
__Lbank5                     bank5        000000
__Lbank6                     bank6        000000
__Lbank7                     bank7        000000
__Lbigbss                    bigbss       000000
__Lbigdata                   bigdata      000000
__Lbigram                    bigram       000000
__LbitbssCOMRAM              bitbssCOMRAM 000000
__Lbss                       bss          000000
__LbssBANK0                  bssBANK0     000000
__LbssCOMRAM                 bssCOMRAM    000000
__Lcinit                     cinit        000000
__Lclrtext                   clrtext      000000
__Lcomram                    comram       000000
__Lconfig                    config       300000
__Lconst                     const        000000
__LcstackBANK0               cstackBANK0  000000
__LcstackCOMRAM              cstackCOMRAM 000000
__Ldata                      data         000000
__LdataCOMRAM                dataCOMRAM   000000
__Leeprom_data               eeprom_data  000000
__Lend_init                  end_init     000016
__Lfarbss                    farbss       000000
__Lfardata                   fardata      000000
__Libigdata                  ibigdata     000000
__Lidata                     idata        000000
__LidataCOMRAM               idataCOMRAM  000000
__Lidloc                     idloc        200000
__Lifardata                  ifardata     000000
__Linit                      init         000016
__Lintcode                   intcode      000008
__Lintcode_body              intcode_body 000000
__Lintcodelo                 intcodelo    000016
__Lintentry                  intentry     000000
__Lintret                    intret       000000
__Lintsave_regs              intsave_regs 000000
__Lirdata                    irdata       000000
__Lmediumconst               mediumconst  000000
__LnvFARRAM                  nvFARRAM     000000
__Lnvbit                     nvbit        000000
__Lnvrram                    nvrram       000000
__Lparam                     rparam       000000
__Lpowerup                   powerup      000016
__Lram                       ram          000000
__Lramtop                    ramtop       000800
__Lrbit                      rbit         000000
__Lrbss                      rbss         000000
__Lrdata                     rdata        000000
__Lreset_vec                 reset_vec    000000
__Lrparam                    rparam       000000
__Lsfr                       sfr          000000
__Lsmallconst                smallconst   000800
__Lspace_0                   (abs)        000000
__Lspace_1                   (abs)        000000
__Lspace_2                   (abs)        000000
__Lstack                     stack        000000
__Lstruct                    struct       000000
__Ltemp                      temp         000055
__Ltext                      text         000000
__Ltext0                     text0        000000
__Ltext1                     text1        000000
__Ltext10                    text10       000000
__Ltext11                    text11       000000
__Ltext12                    text12       000000
__Ltext13                    text13       000000
__Ltext14                    text14       000000
__Ltext16                    text16       000000
__Ltext17                    text17       000000
__Ltext18                    text18       000000
__Ltext19                    text19       000000
__Ltext2                     text2        000000
__Ltext20                    text20       000000
__Ltext21                    text21       000000
__Ltext22                    text22       000000
__Ltext23                    text23       000000
__Ltext24                    text24       000000
__Ltext25                    text25       000000
__Ltext26                    text26       000000
__Ltext27                    text27       000000
__Ltext28                    text28       000000
__Ltext29                    text29       000000
__Ltext3                     text3        000000
__Ltext30                    text30       000000
__Ltext31                    text31       000000
__Ltext32                    text32       000000
__Ltext4                     text4        000000
__Ltext5                     text5        000000
__Ltext6                     text6        000000
__Ltext7                     text7        000000
__Ltext8                     text8        000000
__Ltext9                     text9        000000
__S0                         (abs)        30000E
__S1                         (abs)        0000B2
__S2                         (abs)        000000
___awdiv                     text24       000900
___awdiv@counter             cstackCOMRAM 00002E
___awdiv@dividend            cstackCOMRAM 00002A
___awdiv@divisor             cstackCOMRAM 00002C
___awdiv@quotient            cstackCOMRAM 000030
___awdiv@sign                cstackCOMRAM 00002F
___inthi_sp                  stack        000000
___intlo_sp                  stack        000000
___param_bank                (abs)        000010
___rparam_used               (abs)        000001
___sp                        stack        000000
___wmul                      text23       000B4C
___wmul@multiplicand         cstackCOMRAM 000026
___wmul@multiplier           cstackCOMRAM 000024
___wmul@product              cstackCOMRAM 000028
__accesstop                  (abs)        000060
__activetblptr               (abs)        000002
__end_of_ConfigureTimer1     text14       000AC8
__end_of_DHTSignalResponse   text28       000BAE
__end_of_FirstStateRequest   text29       000AFC
__end_of_HighISR             intcode_body 000900
__end_of_INIT_INTCON         text12       000C2C
__end_of_INIT_INTCON2        text11       000C20
__end_of_INIT_INTCON3        text10       000C62
__end_of_INIT_IPR1           text9        000BF6
__end_of_INIT_IPR2           text8        000C12
__end_of_INIT_PIE1           text7        000BE6
__end_of_INIT_PIE2           text6        000C04
__end_of_INIT_RCON           text5        000C9E
__end_of_Idle                text30       000CA0
__end_of_InitDHT11Driver     text13       000C6C
__end_of_Interrupt_Init      text4        000B94
__end_of_RecievingData       text27       000A3A
__end_of_SecondStateRequest  text31       000C44
__end_of_SetDutyCycle        text22       0009E6
__end_of_SetPWM              text20       000BC6
__end_of_SetPeriod           text21       000C94
__end_of_StartPWM            text19       000C8E
__end_of_StopPWM             text26       000C76
__end_of_TMR0_INIT           text3        000B4C
__end_of_TMR0_WRITE_HIGH     text2        000C58
__end_of_TMR0_WRITE_LOW      text1        000C4E
__end_of_TurnOffLights       text25       000C9A
__end_of_TurnOnLights        text18       000C38
__end_of__SPBRG              smallconst   000802
__end_of___awdiv             text24       000984
__end_of___wmul              text23       000B72
__end_of__initialization     cinit        000A74
__end_of_main                text0        000B24
__end_ofi2_TMR0_WRITE_HIGH   text17       000C86
__end_ofi2_TMR0_WRITE_LOW    text16       000C7E
__initialization             cinit        000A3A
__mediumconst                mediumconst  000000
__pbitbssCOMRAM              bitbssCOMRAM 0002A0
__pbssBANK0                  bssBANK0     000060
__pbssCOMRAM                 bssCOMRAM    000001
__pcinit                     cinit        000A3A
__pcstackBANK0               cstackBANK0  0000B0
__pcstackCOMRAM              cstackCOMRAM 000024
__pdataCOMRAM                dataCOMRAM   000044
__pidataCOMRAM               idataCOMRAM  000BC6
__pintcode                   intcode      000008
__pintcode_body              intcode_body 000804
__psmallconst                smallconst   000800
__ptext0                     text0        000AFC
__ptext1                     text1        000C44
__ptext10                    text10       000C58
__ptext11                    text11       000C12
__ptext12                    text12       000C20
__ptext13                    text13       000C62
__ptext14                    text14       000A82
__ptext16                    text16       000C76
__ptext17                    text17       000C7E
__ptext18                    text18       000C2C
__ptext19                    text19       000C86
__ptext2                     text2        000C4E
__ptext20                    text20       000BAE
__ptext21                    text21       000C8E
__ptext22                    text22       000984
__ptext23                    text23       000B4C
__ptext24                    text24       000900
__ptext25                    text25       000C94
__ptext26                    text26       000C6C
__ptext27                    text27       0009E6
__ptext28                    text28       000B94
__ptext29                    text29       000AC8
__ptext3                     text3        000B24
__ptext30                    text30       000C9E
__ptext31                    text31       000C38
__ptext32                    text32       000000
__ptext4                     text4        000B72
__ptext5                     text5        000C9A
__ptext6                     text6        000BF6
__ptext7                     text7        000BD6
__ptext8                     text8        000C04
__ptext9                     text9        000BE6
__ramtop                     ramtop       000800
__size_of_ConfigureTimer1    (abs)        000000
__size_of_DHTSignalResponse  (abs)        000000
__size_of_FirstStateRequest  (abs)        000000
__size_of_HighISR            (abs)        000000
__size_of_INIT_INTCON        (abs)        000000
__size_of_INIT_INTCON2       (abs)        000000
__size_of_INIT_INTCON3       (abs)        000000
__size_of_INIT_IPR1          (abs)        000000
__size_of_INIT_IPR2          (abs)        000000
__size_of_INIT_PIE1          (abs)        000000
__size_of_INIT_PIE2          (abs)        000000
__size_of_INIT_RCON          (abs)        000000
__size_of_Idle               (abs)        000000
__size_of_InitDHT11Driver    (abs)        000000
__size_of_Interrupt_Init     (abs)        000000
__size_of_RecievingData      (abs)        000000
__size_of_SecondStateRequest (abs)        000000
__size_of_SetDutyCycle       (abs)        000000
__size_of_SetPWM             (abs)        000000
__size_of_SetPeriod          (abs)        000000
__size_of_StartPWM           (abs)        000000
__size_of_StopPWM            (abs)        000000
__size_of_TMR0_INIT          (abs)        000000
__size_of_TMR0_WRITE_HIGH    (abs)        000000
__size_of_TMR0_WRITE_LOW     (abs)        000000
__size_of_TurnOffLights      (abs)        000000
__size_of_TurnOnLights       (abs)        000000
__size_of___awdiv            (abs)        000000
__size_of___wmul             (abs)        000000
__size_of_main               (abs)        000000
__size_ofi2_TMR0_WRITE_HIGH  (abs)        000000
__size_ofi2_TMR0_WRITE_LOW   (abs)        000000
__smallconst                 smallconst   000800
_bitcount                    bssCOMRAM    000016
_bytecount                   bssCOMRAM    000017
_counter                     bssCOMRAM    000018
_counts                      bssCOMRAM    00000D
_endbyte                     dataCOMRAM   000051
_f_frameready                bssCOMRAM    000019
_f_slave1                    bssCOMRAM    00001A
_f_slave2                    bssCOMRAM    00001B
_firstbyte                   dataCOMRAM   00004E
_firstvalue                  bssCOMRAM    00001C
_firstvaluespaces            bssCOMRAM    00001D
_frame                       bssCOMRAM    00001E
_lasttime                    bssCOMRAM    00000F
_main                        text0        000AFC
_mask                        bssCOMRAM    00001F
_prescaler                   dataCOMRAM   000052
_secondvalue                 bssCOMRAM    000020
_secondvaluespaces           bssCOMRAM    000021
_splitbyte                   dataCOMRAM   000053
_state                       bssCOMRAM    000022
_temp                        bssCOMRAM    000001
_time                        bssCOMRAM    000023
_times                       bssBANK0     000060
btemp                        temp         000055
end_of_initialization        cinit        000A74
i2TMR0_WRITE_HIGH@valorHigh  cstackCOMRAM 000024
i2TMR0_WRITE_LOW@valorLow    cstackCOMRAM 000024
i2_TMR0_WRITE_HIGH           text17       000C7E
i2_TMR0_WRITE_LOW            text16       000C76
int$flags                    temp         000055
int_func                     intcode_body 000804
intlevel0                    text         000000
intlevel1                    text         000000
intlevel2                    text         000000
intlevel3                    text         000000
stackhi                      (abs)        0007FF
stacklo                      (abs)        0000B2
start                        init         000016
start_initialization         cinit        000A3A


FUNCTION INFORMATION:

 *************** function _main *****************
 Defined at:
		line 75 in file "Main.c"
 Parameters:    Size  Location     Type
		None
 Auto vars:     Size  Location     Type
		None
 Return value:  Size  Location     Type
                  1    wreg      void 
 Registers used:
		wreg, status,2, status,0, prodl, prodh, cstack
 Tracked objects:
		On entry : 
		On exit  : 
		Unchanged: 
 Data sizes:     COMRAM   BANK0   BANK1   BANK2   BANK3   BANK4   BANK5   BANK6   BANK7
      Params:         0       0       0       0       0       0       0       0       0
      Locals:         0       0       0       0       0       0       0       0       0
      Temps:          0       0       0       0       0       0       0       0       0
      Totals:         0       0       0       0       0       0       0       0       0
Total ram usage:        0 bytes
 Hardware stack levels required when called:    7
 This function calls:
		_InitDHT11Driver
		_Interrupt_Init
		_TMR0_INIT
		_TMR0_WRITE_HIGH
		_TMR0_WRITE_LOW
 This function is called by:
		Startup code after reset
 This function uses a non-reentrant model


 *************** function _TMR0_WRITE_LOW *****************
 Defined at:
		line 79 in file "Timer_0.c"
 Parameters:    Size  Location     Type
  valorLow        1    wreg     unsigned char 
 Auto vars:     Size  Location     Type
  valorLow        1    0[BANK0 ] unsigned char 
 Return value:  Size  Location     Type
                  1    wreg      void 
 Registers used:
		wreg
 Tracked objects:
		On entry : 
		On exit  : 
		Unchanged: 
 Data sizes:     COMRAM   BANK0   BANK1   BANK2   BANK3   BANK4   BANK5   BANK6   BANK7
      Params:         0       0       0       0       0       0       0       0       0
      Locals:         0       1       0       0       0       0       0       0       0
      Temps:          0       0       0       0       0       0       0       0       0
      Totals:         0       1       0       0       0       0       0       0       0
Total ram usage:        1 bytes
 Hardware stack levels used:    1
 Hardware stack levels required when called:    5
 This function calls:
		Nothing
 This function is called by:
		_main
 This function uses a non-reentrant model


 *************** function _TMR0_WRITE_HIGH *****************
 Defined at:
		line 66 in file "Timer_0.c"
 Parameters:    Size  Location     Type
  valorHigh       1    wreg     unsigned char 
 Auto vars:     Size  Location     Type
  valorHigh       1    0[BANK0 ] unsigned char 
 Return value:  Size  Location     Type
                  1    wreg      void 
 Registers used:
		wreg
 Tracked objects:
		On entry : 
		On exit  : 
		Unchanged: 
 Data sizes:     COMRAM   BANK0   BANK1   BANK2   BANK3   BANK4   BANK5   BANK6   BANK7
      Params:         0       0       0       0       0       0       0       0       0
      Locals:         0       1       0       0       0       0       0       0       0
      Temps:          0       0       0       0       0       0       0       0       0
      Totals:         0       1       0       0       0       0       0       0       0
Total ram usage:        1 bytes
 Hardware stack levels used:    1
 Hardware stack levels required when called:    5
 This function calls:
		Nothing
 This function is called by:
		_main
 This function uses a non-reentrant model


 *************** function _TMR0_INIT *****************
 Defined at:
		line 23 in file "Timer_0.c"
 Parameters:    Size  Location     Type
		None
 Auto vars:     Size  Location     Type
  T0PS            1    1[BANK0 ] unsigned char 
  bits            1    0[BANK0 ] unsigned char 
 Return value:  Size  Location     Type
                  1    wreg      void 
 Registers used:
		wreg, status,2, status,0, prodl, prodh
 Tracked objects:
		On entry : 
		On exit  : 
		Unchanged: 
 Data sizes:     COMRAM   BANK0   BANK1   BANK2   BANK3   BANK4   BANK5   BANK6   BANK7
      Params:         0       0       0       0       0       0       0       0       0
      Locals:         0       2       0       0       0       0       0       0       0
      Temps:          0       0       0       0       0       0       0       0       0
      Totals:         0       2       0       0       0       0       0       0       0
Total ram usage:        2 bytes
 Hardware stack levels used:    1
 Hardware stack levels required when called:    5
 This function calls:
		Nothing
 This function is called by:
		_main
 This function uses a non-reentrant model


 *************** function _Interrupt_Init *****************
 Defined at:
		line 94 in file "Interrupts.c"
 Parameters:    Size  Location     Type
		None
 Auto vars:     Size  Location     Type
		None
 Return value:  Size  Location     Type
                  1    wreg      void 
 Registers used:
		cstack
 Tracked objects:
		On entry : 
		On exit  : 
		Unchanged: 
 Data sizes:     COMRAM   BANK0   BANK1   BANK2   BANK3   BANK4   BANK5   BANK6   BANK7
      Params:         0       0       0       0       0       0       0       0       0
      Locals:         0       0       0       0       0       0       0       0       0
      Temps:          0       0       0       0       0       0       0       0       0
      Totals:         0       0       0       0       0       0       0       0       0
Total ram usage:        0 bytes
 Hardware stack levels used:    1
 Hardware stack levels required when called:    6
 This function calls:
		_INIT_INTCON
		_INIT_INTCON2
		_INIT_INTCON3
		_INIT_IPR1
		_INIT_IPR2
		_INIT_PIE1
		_INIT_PIE2
		_INIT_RCON
 This function is called by:
		_main
 This function uses a non-reentrant model


 *************** function _INIT_RCON *****************
 Defined at:
		line 47 in file "Interrupts.c"
 Parameters:    Size  Location     Type
		None
 Auto vars:     Size  Location     Type
		None
 Return value:  Size  Location     Type
                  1    wreg      void 
 Registers used:
		None
 Tracked objects:
		On entry : 
		On exit  : 
		Unchanged: 
 Data sizes:     COMRAM   BANK0   BANK1   BANK2   BANK3   BANK4   BANK5   BANK6   BANK7
      Params:         0       0       0       0       0       0       0       0       0
      Locals:         0       0       0       0       0       0       0       0       0
      Temps:          0       0       0       0       0       0       0       0       0
      Totals:         0       0       0       0       0       0       0       0       0
Total ram usage:        0 bytes
 Hardware stack levels used:    1
 Hardware stack levels required when called:    5
 This function calls:
		Nothing
 This function is called by:
		_Interrupt_Init
 This function uses a non-reentrant model


 *************** function _INIT_PIE2 *****************
 Defined at:
		line 63 in file "Interrupts.c"
 Parameters:    Size  Location     Type
		None
 Auto vars:     Size  Location     Type
		None
 Return value:  Size  Location     Type
                  1    wreg      void 
 Registers used:
		None
 Tracked objects:
		On entry : 
		On exit  : 
		Unchanged: 
 Data sizes:     COMRAM   BANK0   BANK1   BANK2   BANK3   BANK4   BANK5   BANK6   BANK7
      Params:         0       0       0       0       0       0       0       0       0
      Locals:         0       0       0       0       0       0       0       0       0
      Temps:          0       0       0       0       0       0       0       0       0
      Totals:         0       0       0       0       0       0       0       0       0
Total ram usage:        0 bytes
 Hardware stack levels used:    1
 Hardware stack levels required when called:    5
 This function calls:
		Nothing
 This function is called by:
		_Interrupt_Init
 This function uses a non-reentrant model


 *************** function _INIT_PIE1 *****************
 Defined at:
		line 52 in file "Interrupts.c"
 Parameters:    Size  Location     Type
		None
 Auto vars:     Size  Location     Type
		None
 Return value:  Size  Location     Type
                  1    wreg      void 
 Registers used:
		None
 Tracked objects:
		On entry : 
		On exit  : 
		Unchanged: 
 Data sizes:     COMRAM   BANK0   BANK1   BANK2   BANK3   BANK4   BANK5   BANK6   BANK7
      Params:         0       0       0       0       0       0       0       0       0
      Locals:         0       0       0       0       0       0       0       0       0
      Temps:          0       0       0       0       0       0       0       0       0
      Totals:         0       0       0       0       0       0       0       0       0
Total ram usage:        0 bytes
 Hardware stack levels used:    1
 Hardware stack levels required when called:    5
 This function calls:
		Nothing
 This function is called by:
		_Interrupt_Init
 This function uses a non-reentrant model


 *************** function _INIT_IPR2 *****************
 Defined at:
		line 84 in file "Interrupts.c"
 Parameters:    Size  Location     Type
		None
 Auto vars:     Size  Location     Type
		None
 Return value:  Size  Location     Type
                  1    wreg      void 
 Registers used:
		None
 Tracked objects:
		On entry : 
		On exit  : 
		Unchanged: 
 Data sizes:     COMRAM   BANK0   BANK1   BANK2   BANK3   BANK4   BANK5   BANK6   BANK7
      Params:         0       0       0       0       0       0       0       0       0
      Locals:         0       0       0       0       0       0       0       0       0
      Temps:          0       0       0       0       0       0       0       0       0
      Totals:         0       0       0       0       0       0       0       0       0
Total ram usage:        0 bytes
 Hardware stack levels used:    1
 Hardware stack levels required when called:    5
 This function calls:
		Nothing
 This function is called by:
		_Interrupt_Init
 This function uses a non-reentrant model


 *************** function _INIT_IPR1 *****************
 Defined at:
		line 74 in file "Interrupts.c"
 Parameters:    Size  Location     Type
		None
 Auto vars:     Size  Location     Type
		None
 Return value:  Size  Location     Type
                  1    wreg      void 
 Registers used:
		None
 Tracked objects:
		On entry : 
		On exit  : 
		Unchanged: 
 Data sizes:     COMRAM   BANK0   BANK1   BANK2   BANK3   BANK4   BANK5   BANK6   BANK7
      Params:         0       0       0       0       0       0       0       0       0
      Locals:         0       0       0       0       0       0       0       0       0
      Temps:          0       0       0       0       0       0       0       0       0
      Totals:         0       0       0       0       0       0       0       0       0
Total ram usage:        0 bytes
 Hardware stack levels used:    1
 Hardware stack levels required when called:    5
 This function calls:
		Nothing
 This function is called by:
		_Interrupt_Init
 This function uses a non-reentrant model


 *************** function _INIT_INTCON3 *****************
 Defined at:
		line 39 in file "Interrupts.c"
 Parameters:    Size  Location     Type
		None
 Auto vars:     Size  Location     Type
		None
 Return value:  Size  Location     Type
                  1    wreg      void 
 Registers used:
		None
 Tracked objects:
		On entry : 
		On exit  : 
		Unchanged: 
 Data sizes:     COMRAM   BANK0   BANK1   BANK2   BANK3   BANK4   BANK5   BANK6   BANK7
      Params:         0       0       0       0       0       0       0       0       0
      Locals:         0       0       0       0       0       0       0       0       0
      Temps:          0       0       0       0       0       0       0       0       0
      Totals:         0       0       0       0       0       0       0       0       0
Total ram usage:        0 bytes
 Hardware stack levels used:    1
 Hardware stack levels required when called:    5
 This function calls:
		Nothing
 This function is called by:
		_Interrupt_Init
 This function uses a non-reentrant model


 *************** function _INIT_INTCON2 *****************
 Defined at:
		line 28 in file "Interrupts.c"
 Parameters:    Size  Location     Type
		None
 Auto vars:     Size  Location     Type
		None
 Return value:  Size  Location     Type
                  1    wreg      void 
 Registers used:
		None
 Tracked objects:
		On entry : 
		On exit  : 
		Unchanged: 
 Data sizes:     COMRAM   BANK0   BANK1   BANK2   BANK3   BANK4   BANK5   BANK6   BANK7
      Params:         0       0       0       0       0       0       0       0       0
      Locals:         0       0       0       0       0       0       0       0       0
      Temps:          0       0       0       0       0       0       0       0       0
      Totals:         0       0       0       0       0       0       0       0       0
Total ram usage:        0 bytes
 Hardware stack levels used:    1
 Hardware stack levels required when called:    5
 This function calls:
		Nothing
 This function is called by:
		_Interrupt_Init
 This function uses a non-reentrant model


 *************** function _INIT_INTCON *****************
 Defined at:
		line 11 in file "Interrupts.c"
 Parameters:    Size  Location     Type
		None
 Auto vars:     Size  Location     Type
		None
 Return value:  Size  Location     Type
                  1    wreg      void 
 Registers used:
		None
 Tracked objects:
		On entry : 
		On exit  : 
		Unchanged: 
 Data sizes:     COMRAM   BANK0   BANK1   BANK2   BANK3   BANK4   BANK5   BANK6   BANK7
      Params:         0       0       0       0       0       0       0       0       0
      Locals:         0       0       0       0       0       0       0       0       0
      Temps:          0       0       0       0       0       0       0       0       0
      Totals:         0       0       0       0       0       0       0       0       0
Total ram usage:        0 bytes
 Hardware stack levels used:    1
 Hardware stack levels required when called:    5
 This function calls:
		Nothing
 This function is called by:
		_Interrupt_Init
 This function uses a non-reentrant model


 *************** function _InitDHT11Driver *****************
 Defined at:
		line 104 in file "DHT11Driver.c"
 Parameters:    Size  Location     Type
		None
 Auto vars:     Size  Location     Type
		None
 Return value:  Size  Location     Type
                  1    wreg      void 
 Registers used:
		wreg, status,2, status,0, cstack
 Tracked objects:
		On entry : 
		On exit  : 
		Unchanged: 
 Data sizes:     COMRAM   BANK0   BANK1   BANK2   BANK3   BANK4   BANK5   BANK6   BANK7
      Params:         0       0       0       0       0       0       0       0       0
      Locals:         0       0       0       0       0       0       0       0       0
      Temps:          0       0       0       0       0       0       0       0       0
      Totals:         0       0       0       0       0       0       0       0       0
Total ram usage:        0 bytes
 Hardware stack levels used:    1
 Hardware stack levels required when called:    6
 This function calls:
		_ConfigureTimer1
 This function is called by:
		_main
 This function uses a non-reentrant model


 *************** function _ConfigureTimer1 *****************
 Defined at:
		line 6 in file "CCP1.c"
 Parameters:    Size  Location     Type
		None
 Auto vars:     Size  Location     Type
		None
 Return value:  Size  Location     Type
                  2  253[None  ] int 
 Registers used:
		wreg, status,2, status,0
 Tracked objects:
		On entry : 
		On exit  : 
		Unchanged: 
 Data sizes:     COMRAM   BANK0   BANK1   BANK2   BANK3   BANK4   BANK5   BANK6   BANK7
      Params:         0       0       0       0       0       0       0       0       0
      Locals:         0       0       0       0       0       0       0       0       0
      Temps:          0       0       0       0       0       0       0       0       0
      Totals:         0       0       0       0       0       0       0       0       0
Total ram usage:        0 bytes
 Hardware stack levels used:    1
 Hardware stack levels required when called:    5
 This function calls:
		Nothing
 This function is called by:
		_InitDHT11Driver
 This function uses a non-reentrant model


 *************** function _HighISR *****************
 Defined at:
		line 31 in file "Main.c"
 Parameters:    Size  Location     Type
		None
 Auto vars:     Size  Location     Type
		None
 Return value:  Size  Location     Type
                  1    wreg      void 
 Registers used:
		wreg, fsr2l, fsr2h, status,2, status,0, pclat, tosl, prodl, prodh, cstack
 Tracked objects:
		On entry : 
		On exit  : 
		Unchanged: 
 Data sizes:     COMRAM   BANK0   BANK1   BANK2   BANK3   BANK4   BANK5   BANK6   BANK7
      Params:         0       0       0       0       0       0       0       0       0
      Locals:         0       0       0       0       0       0       0       0       0
      Temps:         14       0       0       0       0       0       0       0       0
      Totals:        14       0       0       0       0       0       0       0       0
Total ram usage:       14 bytes
 Hardware stack levels used:    1
 Hardware stack levels required when called:    4
 This function calls:
		_DHTSignalResponse
		_FirstStateRequest
		_Idle
		_RecievingData
		_SecondStateRequest
		_TurnOffLights
		_TurnOnLights
		i2_TMR0_WRITE_HIGH
		i2_TMR0_WRITE_LOW
 This function is called by:
		Interrupt level 2
 This function uses a non-reentrant model


 *************** function i2_TMR0_WRITE_LOW *****************
 Defined at:
		line 79 in file "Timer_0.c"
 Parameters:    Size  Location     Type
  valorLow        1    wreg     unsigned char 
 Auto vars:     Size  Location     Type
  valorLow        1    0[COMRAM] unsigned char 
 Return value:  Size  Location     Type
                  1    wreg      void 
 Registers used:
		wreg
 Tracked objects:
		On entry : 
		On exit  : 
		Unchanged: 
 Data sizes:     COMRAM   BANK0   BANK1   BANK2   BANK3   BANK4   BANK5   BANK6   BANK7
      Params:         0       0       0       0       0       0       0       0       0
      Locals:         1       0       0       0       0       0       0       0       0
      Temps:          0       0       0       0       0       0       0       0       0
      Totals:         1       0       0       0       0       0       0       0       0
Total ram usage:        1 bytes
 Hardware stack levels used:    1
 This function calls:
		Nothing
 This function is called by:
		_HighISR
 This function uses a non-reentrant model


 *************** function i2_TMR0_WRITE_HIGH *****************
 Defined at:
		line 66 in file "Timer_0.c"
 Parameters:    Size  Location     Type
  valorHigh       1    wreg     unsigned char 
 Auto vars:     Size  Location     Type
  valorHigh       1    0[COMRAM] unsigned char 
 Return value:  Size  Location     Type
                  1    wreg      void 
 Registers used:
		wreg
 Tracked objects:
		On entry : 
		On exit  : 
		Unchanged: 
 Data sizes:     COMRAM   BANK0   BANK1   BANK2   BANK3   BANK4   BANK5   BANK6   BANK7
      Params:         0       0       0       0       0       0       0       0       0
      Locals:         1       0       0       0       0       0       0       0       0
      Temps:          0       0       0       0       0       0       0       0       0
      Totals:         1       0       0       0       0       0       0       0       0
Total ram usage:        1 bytes
 Hardware stack levels used:    1
 This function calls:
		Nothing
 This function is called by:
		_HighISR
 This function uses a non-reentrant model


 *************** function _TurnOnLights *****************
 Defined at:
		line 7 in file "LedDriver.c"
 Parameters:    Size  Location     Type
		None
 Auto vars:     Size  Location     Type
		None
 Return value:  Size  Location     Type
                  2   18[None  ] int 
 Registers used:
		wreg, status,2, status,0, prodl, prodh, cstack
 Tracked objects:
		On entry : 
		On exit  : 
		Unchanged: 
 Data sizes:     COMRAM   BANK0   BANK1   BANK2   BANK3   BANK4   BANK5   BANK6   BANK7
      Params:         0       0       0       0       0       0       0       0       0
      Locals:         0       0       0       0       0       0       0       0       0
      Temps:          0       0       0       0       0       0       0       0       0
      Totals:         0       0       0       0       0       0       0       0       0
Total ram usage:        0 bytes
 Hardware stack levels used:    1
 Hardware stack levels required when called:    3
 This function calls:
		_SetPWM
		_StartPWM
 This function is called by:
		_HighISR
 This function uses a non-reentrant model


 *************** function _StartPWM *****************
 Defined at:
		line 16 in file "PWM.c"
 Parameters:    Size  Location     Type
		None
 Auto vars:     Size  Location     Type
		None
 Return value:  Size  Location     Type
                  1    wreg      void 
 Registers used:
		wreg, status,2
 Tracked objects:
		On entry : 
		On exit  : 
		Unchanged: 
 Data sizes:     COMRAM   BANK0   BANK1   BANK2   BANK3   BANK4   BANK5   BANK6   BANK7
      Params:         0       0       0       0       0       0       0       0       0
      Locals:         0       0       0       0       0       0       0       0       0
      Temps:          0       0       0       0       0       0       0       0       0
      Totals:         0       0       0       0       0       0       0       0       0
Total ram usage:        0 bytes
 Hardware stack levels used:    1
 This function calls:
		Nothing
 This function is called by:
		_TurnOnLights
 This function uses a non-reentrant model


 *************** function _SetPWM *****************
 Defined at:
		line 43 in file "PWM.c"
 Parameters:    Size  Location     Type
  dutycycle       1    wreg     unsigned char 
 Auto vars:     Size  Location     Type
  dutycycle       1   17[COMRAM] unsigned char 
 Return value:  Size  Location     Type
                  1    wreg      void 
 Registers used:
		wreg, status,2, status,0, prodl, prodh, cstack
 Tracked objects:
		On entry : 
		On exit  : 
		Unchanged: 
 Data sizes:     COMRAM   BANK0   BANK1   BANK2   BANK3   BANK4   BANK5   BANK6   BANK7
      Params:         0       0       0       0       0       0       0       0       0
      Locals:         1       0       0       0       0       0       0       0       0
      Temps:          0       0       0       0       0       0       0       0       0
      Totals:         1       0       0       0       0       0       0       0       0
Total ram usage:        1 bytes
 Hardware stack levels used:    1
 Hardware stack levels required when called:    2
 This function calls:
		_SetDutyCycle
		_SetPeriod
 This function is called by:
		_TurnOnLights
 This function uses a non-reentrant model


 *************** function _SetPeriod *****************
 Defined at:
		line 27 in file "PWM.c"
 Parameters:    Size  Location     Type
		None
 Auto vars:     Size  Location     Type
		None
 Return value:  Size  Location     Type
                  1    wreg      void 
 Registers used:
		wreg, status,2
 Tracked objects:
		On entry : 
		On exit  : 
		Unchanged: 
 Data sizes:     COMRAM   BANK0   BANK1   BANK2   BANK3   BANK4   BANK5   BANK6   BANK7
      Params:         0       0       0       0       0       0       0       0       0
      Locals:         0       0       0       0       0       0       0       0       0
      Temps:          0       0       0       0       0       0       0       0       0
      Totals:         0       0       0       0       0       0       0       0       0
Total ram usage:        0 bytes
 Hardware stack levels used:    1
 This function calls:
		Nothing
 This function is called by:
		_SetPWM
 This function uses a non-reentrant model


 *************** function _SetDutyCycle *****************
 Defined at:
		line 32 in file "PWM.c"
 Parameters:    Size  Location     Type
  dutycycle       1    wreg     unsigned char 
 Auto vars:     Size  Location     Type
  dutycycle       1   16[COMRAM] unsigned char 
 Return value:  Size  Location     Type
                  1    wreg      void 
 Registers used:
		wreg, status,2, status,0, prodl, prodh, cstack
 Tracked objects:
		On entry : 
		On exit  : 
		Unchanged: 
 Data sizes:     COMRAM   BANK0   BANK1   BANK2   BANK3   BANK4   BANK5   BANK6   BANK7
      Params:         0       0       0       0       0       0       0       0       0
      Locals:         1       0       0       0       0       0       0       0       0
      Temps:          2       0       0       0       0       0       0       0       0
      Totals:         3       0       0       0       0       0       0       0       0
Total ram usage:        3 bytes
 Hardware stack levels used:    1
 Hardware stack levels required when called:    1
 This function calls:
		___awdiv
		___wmul
 This function is called by:
		_SetPWM
 This function uses a non-reentrant model


 *************** function ___wmul *****************
 Defined at:
		line 15 in file "C:\Program Files (x86)\Microchip\xc8\v1.36\sources\common\Umul16.c"
 Parameters:    Size  Location     Type
  multiplier      2    0[COMRAM] unsigned int 
  multiplicand    2    2[COMRAM] unsigned int 
 Auto vars:     Size  Location     Type
  product         2    4[COMRAM] unsigned int 
 Return value:  Size  Location     Type
                  2    0[COMRAM] unsigned int 
 Registers used:
		wreg, status,2, status,0, prodl, prodh
 Tracked objects:
		On entry : 
		On exit  : 
		Unchanged: 
 Data sizes:     COMRAM   BANK0   BANK1   BANK2   BANK3   BANK4   BANK5   BANK6   BANK7
      Params:         4       0       0       0       0       0       0       0       0
      Locals:         2       0       0       0       0       0       0       0       0
      Temps:          0       0       0       0       0       0       0       0       0
      Totals:         6       0       0       0       0       0       0       0       0
Total ram usage:        6 bytes
 Hardware stack levels used:    1
 This function calls:
		Nothing
 This function is called by:
		_SetDutyCycle
 This function uses a non-reentrant model


 *************** function ___awdiv *****************
 Defined at:
		line 8 in file "C:\Program Files (x86)\Microchip\xc8\v1.36\sources\common\awdiv.c"
 Parameters:    Size  Location     Type
  dividend        2    6[COMRAM] int 
  divisor         2    8[COMRAM] int 
 Auto vars:     Size  Location     Type
  quotient        2   12[COMRAM] int 
  sign            1   11[COMRAM] unsigned char 
  counter         1   10[COMRAM] unsigned char 
 Return value:  Size  Location     Type
                  2    6[COMRAM] int 
 Registers used:
		wreg, status,2, status,0
 Tracked objects:
		On entry : 
		On exit  : 
		Unchanged: 
 Data sizes:     COMRAM   BANK0   BANK1   BANK2   BANK3   BANK4   BANK5   BANK6   BANK7
      Params:         4       0       0       0       0       0       0       0       0
      Locals:         4       0       0       0       0       0       0       0       0
      Temps:          0       0       0       0       0       0       0       0       0
      Totals:         8       0       0       0       0       0       0       0       0
Total ram usage:        8 bytes
 Hardware stack levels used:    1
 This function calls:
		Nothing
 This function is called by:
		_SetDutyCycle
 This function uses a non-reentrant model


 *************** function _TurnOffLights *****************
 Defined at:
		line 3 in file "LedDriver.c"
 Parameters:    Size  Location     Type
		None
 Auto vars:     Size  Location     Type
		None
 Return value:  Size  Location     Type
                  2   14[None  ] int 
 Registers used:
		wreg, status,2, cstack
 Tracked objects:
		On entry : 
		On exit  : 
		Unchanged: 
 Data sizes:     COMRAM   BANK0   BANK1   BANK2   BANK3   BANK4   BANK5   BANK6   BANK7
      Params:         0       0       0       0       0       0       0       0       0
      Locals:         0       0       0       0       0       0       0       0       0
      Temps:          0       0       0       0       0       0       0       0       0
      Totals:         0       0       0       0       0       0       0       0       0
Total ram usage:        0 bytes
 Hardware stack levels used:    1
 Hardware stack levels required when called:    1
 This function calls:
		_StopPWM
 This function is called by:
		_HighISR
 This function uses a non-reentrant model


 *************** function _StopPWM *****************
 Defined at:
		line 21 in file "PWM.c"
 Parameters:    Size  Location     Type
		None
 Auto vars:     Size  Location     Type
		None
 Return value:  Size  Location     Type
                  1    wreg      void 
 Registers used:
		wreg, status,2
 Tracked objects:
		On entry : 
		On exit  : 
		Unchanged: 
 Data sizes:     COMRAM   BANK0   BANK1   BANK2   BANK3   BANK4   BANK5   BANK6   BANK7
      Params:         0       0       0       0       0       0       0       0       0
      Locals:         0       0       0       0       0       0       0       0       0
      Temps:          0       0       0       0       0       0       0       0       0
      Totals:         0       0       0       0       0       0       0       0       0
Total ram usage:        0 bytes
 Hardware stack levels used:    1
 This function calls:
		Nothing
 This function is called by:
		_TurnOffLights
 This function uses a non-reentrant model


 *************** function _RecievingData *****************
 Defined at:
		line 62 in file "DHT11Driver.c"
 Parameters:    Size  Location     Type
		None
 Auto vars:     Size  Location     Type
		None
 Return value:  Size  Location     Type
                  1    wreg      void 
 Registers used:
		wreg, fsr2l, fsr2h, status,2, status,0, prodl, prodh
 Tracked objects:
		On entry : 
		On exit  : 
		Unchanged: 
 Data sizes:     COMRAM   BANK0   BANK1   BANK2   BANK3   BANK4   BANK5   BANK6   BANK7
      Params:         0       0       0       0       0       0       0       0       0
      Locals:         0       0       0       0       0       0       0       0       0
      Temps:          2       0       0       0       0       0       0       0       0
      Totals:         2       0       0       0       0       0       0       0       0
Total ram usage:        2 bytes
 Hardware stack levels used:    1
 This function calls:
		Nothing
 This function is called by:
		_HighISR
 This function uses a non-reentrant model


 *************** function _DHTSignalResponse *****************
 Defined at:
		line 51 in file "DHT11Driver.c"
 Parameters:    Size  Location     Type
		None
 Auto vars:     Size  Location     Type
		None
 Return value:  Size  Location     Type
                  1    wreg      void 
 Registers used:
		wreg, status,2, status,0
 Tracked objects:
		On entry : 
		On exit  : 
		Unchanged: 
 Data sizes:     COMRAM   BANK0   BANK1   BANK2   BANK3   BANK4   BANK5   BANK6   BANK7
      Params:         0       0       0       0       0       0       0       0       0
      Locals:         0       0       0       0       0       0       0       0       0
      Temps:          0       0       0       0       0       0       0       0       0
      Totals:         0       0       0       0       0       0       0       0       0
Total ram usage:        0 bytes
 Hardware stack levels used:    1
 This function calls:
		Nothing
 This function is called by:
		_HighISR
 This function uses a non-reentrant model


 *************** function _FirstStateRequest *****************
 Defined at:
		line 22 in file "DHT11Driver.c"
 Parameters:    Size  Location     Type
		None
 Auto vars:     Size  Location     Type
		None
 Return value:  Size  Location     Type
                  1    wreg      void 
 Registers used:
		wreg, status,2, status,0
 Tracked objects:
		On entry : 
		On exit  : 
		Unchanged: 
 Data sizes:     COMRAM   BANK0   BANK1   BANK2   BANK3   BANK4   BANK5   BANK6   BANK7
      Params:         0       0       0       0       0       0       0       0       0
      Locals:         0       0       0       0       0       0       0       0       0
      Temps:          0       0       0       0       0       0       0       0       0
      Totals:         0       0       0       0       0       0       0       0       0
Total ram usage:        0 bytes
 Hardware stack levels used:    1
 This function calls:
		Nothing
 This function is called by:
		_HighISR
 This function uses a non-reentrant model


 *************** function _Idle *****************
 Defined at:
		line 19 in file "DHT11Driver.c"
 Parameters:    Size  Location     Type
		None
 Auto vars:     Size  Location     Type
		None
 Return value:  Size  Location     Type
                  1    wreg      void 
 Registers used:
		None
 Tracked objects:
		On entry : 
		On exit  : 
		Unchanged: 
 Data sizes:     COMRAM   BANK0   BANK1   BANK2   BANK3   BANK4   BANK5   BANK6   BANK7
      Params:         0       0       0       0       0       0       0       0       0
      Locals:         0       0       0       0       0       0       0       0       0
      Temps:          0       0       0       0       0       0       0       0       0
      Totals:         0       0       0       0       0       0       0       0       0
Total ram usage:        0 bytes
 Hardware stack levels used:    1
 This function calls:
		Nothing
 This function is called by:
		_HighISR
 This function uses a non-reentrant model


 *************** function _SecondStateRequest *****************
 Defined at:
		line 44 in file "DHT11Driver.c"
 Parameters:    Size  Location     Type
		None
 Auto vars:     Size  Location     Type
		None
 Return value:  Size  Location     Type
                  1    wreg      void 
 Registers used:
		wreg, status,2
 Tracked objects:
		On entry : 
		On exit  : 
		Unchanged: 
 Data sizes:     COMRAM   BANK0   BANK1   BANK2   BANK3   BANK4   BANK5   BANK6   BANK7
      Params:         0       0       0       0       0       0       0       0       0
      Locals:         0       0       0       0       0       0       0       0       0
      Temps:          0       0       0       0       0       0       0       0       0
      Totals:         0       0       0       0       0       0       0       0       0
Total ram usage:        0 bytes
 Hardware stack levels used:    1
 This function calls:
		Nothing
 This function is called by:
		_HighISR
 This function uses a non-reentrant model



MODULE INFORMATION

Module		Function		Class		Link	Load	Size
C:\Program Files (x86)\Microchip\xc8\v1.36\sources\common\awdiv.c
		___awdiv       		CODE           	0900	0000	133

C:\Program Files (x86)\Microchip\xc8\v1.36\sources\common\awdiv.c estimated size: 133

CCP1.c
		_ConfigureTimer1		CODE           	0A82	0000	71

CCP1.c estimated size: 71

LedDriver.c
		_TurnOnLights  		CODE           	0C2C	0000	13
		_TurnOffLights 		CODE           	0C94	0000	7

LedDriver.c estimated size: 20

Interrupts.c
		_INIT_INTCON   		CODE           	0C20	0000	13
		_INIT_INTCON2  		CODE           	0C12	0000	15
		_INIT_INTCON3  		CODE           	0C58	0000	11
		_INIT_IPR1     		CODE           	0BE6	0000	17
		_INIT_IPR2     		CODE           	0C04	0000	15
		_Interrupt_Init		CODE           	0B72	0000	35
		_INIT_RCON     		CODE           	0C9A	0000	5
		_INIT_PIE1     		CODE           	0BD6	0000	17
		_INIT_PIE2     		CODE           	0BF6	0000	15

Interrupts.c estimated size: 143

C:\Program Files (x86)\Microchip\xc8\v1.36\sources\common\Umul16.c
		___wmul        		CODE           	0B4C	0000	39

C:\Program Files (x86)\Microchip\xc8\v1.36\sources\common\Umul16.c estimated size: 39

PWM.c
		_SetDutyCycle  		CODE           	0984	0000	99
		_SetPWM        		CODE           	0BAE	0000	25
		_StopPWM       		CODE           	0C6C	0000	11
		_StartPWM      		CODE           	0C86	0000	9
		_SetPeriod     		CODE           	0C8E	0000	7

PWM.c estimated size: 151

Main.c
		_main          		CODE           	0AFC	0000	41
		_HighISR       		CODE           	0008	0000	267

Main.c estimated size: 308

shared
		i2_TMR0_WRITE_HIGH		CODE           	0C7E	0000	9
		__initialization		CODE           	0A3A	0000	59
		__SPBRG        		SMALLCONST     	0000	0000	0
		i2_TMR0_WRITE_LOW		CODE           	0C76	0000	9

shared estimated size: 77

Timer_0.c
		_TMR0_WRITE_LOW		CODE           	0C44	0000	11
		_TMR0_WRITE_HIGH		CODE           	0C4E	0000	11
		_TMR0_INIT     		CODE           	0B24	0000	41

Timer_0.c estimated size: 63

DHT11Driver.c
		_SecondStateRequest		CODE           	0C38	0000	13
		_Idle          		CODE           	0C9E	0000	3
		_InitDHT11Driver		CODE           	0C62	0000	11
		_DHTSignalResponse		CODE           	0B94	0000	27
		_FirstStateRequest		CODE           	0AC8	0000	53
		_RecievingData 		CODE           	09E6	0000	85

DHT11Driver.c estimated size: 192

